=== stdout ===
{
  "component_target_count": null,
  "g0_exact_replay_equal": false,
  "g1_exact_replay_equal": false,
  "g2_exact_replay_equal": false,
  "mutations_rejected": null,
  "p116_g1_sha256": "74f6eab80ee223c81b6f7391f3f4147d7fa38ffeac55485f3d2a05e8618a65b9",
  "pass": false,
  "phase": "P117",
  "refusal_controls": null,
  "repeat_byte_identical": null,
  "request_count": null,
  "schema": "actinv-p117-full-replay-1"
}
{
  "component_target_count": null,
  "exact_canonical_match": false,
  "failures": [
    "P117 G0 seal is missing or differs from current source identities"
  ],
  "fresh_p117_report": {},
  "independent_comparison_count": null,
  "mutations_rejected": null,
  "p116_g1_sha256": "74f6eab80ee223c81b6f7391f3f4147d7fa38ffeac55485f3d2a05e8618a65b9",
  "p116_report_preserved": {
    "component_target_count": 138,
    "failures": [],
    "independent_comparison_count": 138,
    "mutations_rejected": {
      "assay_adjustment": true,
      "assigned_count": true,
      "basis": true,
      "binding_contributor_count_2": true,
      "binding_normalized_margin_1": true,
      "binding_normalized_sum_0": true,
      "binding_passes_4": true,
      "binding_strict_3": true,
      "class": true,
      "class_counts_first_target": true,
      "class_counts_unknown": true,
      "component_mass": true,
      "constraint_contributor_count_3": true,
      "constraint_normalized_margin_0": true,
      "constraint_normalized_sum_2": true,
      "constraint_passes_5": true,
      "constraint_source_sum_fraction_1": true,
      "constraint_strict_4": true,
      "constraint_table_7": true,
      "constraint_target_class_6": true,
      "coverage": true,
      "external_activity": true,
      "external_status": true,
      "facility_component_count": true,
      "integer_count_type": true,
      "inventory": true,
      "membership": true,
      "membership_coverage": true,
      "missing_metadata_coverage": true,
      "missing_metadata_unknown_nuclides": true,
      "missing_metadata_unknown_reason": true,
      "required_h3_coverage": true,
      "required_h3_unknown_nuclides": true,
      "required_h3_unknown_reason": true,
      "result_status": true,
      "row_concentration_1": true,
      "row_fraction_0": true,
      "row_limit_2": true,
      "row_nuclide_4": true,
      "row_row_id_3": true,
      "unassigned_ids": true,
      "volume": true,
      "waste_type": true
    },
    "pass": true,
    "phase": "P116",
    "protocol_sha256": "cf5841dafbd2470604b36d75fdafa2e2fc730e33abb26f6e44a4068e6388a8aa",
    "refusal_controls": {
      "checks": {
        "alias_property_duplicate": true,
        "assay_file_size_cap": true,
        "bad_assay_missing": true,
        "bad_component_name": true,
        "bad_external_alias": true,
        "bad_external_exclusion": true,
        "bad_mass_value": true,
        "bad_type": true,
        "both_geometry": true,
        "canonical_activity_alias_collision": true,
        "duplicate_cell": true,
        "duplicate_mesh_cell": true,
        "duplicate_target": true,
        "empty_twin_group": true,
        "extra_mass_cell": true,
        "extra_waste_component": true,
        "invalid_property_z": true,
        "invalid_unselected_activity": true,
        "malformed_footer": true,
        "malformed_mesh_json": true,
        "mass_closure": true,
        "mesh_cell_count_cap": true,
        "mesh_size_cap": true,
        "missing_assigned_mesh_cell": true,
        "missing_external_step": true,
        "missing_mass_cell": true,
        "missing_waste_component": true,
        "neither_geometry": true,
        "nonregular_input_path": true,
        "nuclide_property_count_cap": true,
        "null_external": true,
        "null_properties": true,
        "null_waste": true,
        "outer_spec_size_cap": true,
        "overlap": true,
        "positive_activity_count_cap": true,
        "raw_duplicate_key": true,
        "raw_duplicate_mesh_record_key": true,
        "selected_target_missing_step": true,
        "serialized_output_size_cap": true,
        "too_many_targets": true,
        "truncated_mesh": true,
        "unequal_component_timestamps": true,
        "unknown_component_field": true,
        "unknown_external_field": true,
        "unknown_property_field": true,
        "unknown_rules": true,
        "unknown_waste_field": true,
        "zero_half_life": true,
        "zero_target": true
      },
      "pass": true
    },
    "repeat_byte_identical": true,
    "request_count": 35,
    "request_evidence": [
      {
        "component_target_count": 4,
        "id": "class_a",
        "input_sha256": "741fa275fb6541aa60738bc1ac20ed99969548ea598446d93423a26660b4c8ae",
        "ordinary_waste_sha256": "9d4d0457ad0ea974e9e2f2e0b2be6157e46b4dc7cfb95351b1258e401de23517",
        "output_sha256": "716572bbe798d4c43e57a3ce25b7e662a437e555ed7496c2edef0dade37b38b9"
      },
      {
        "component_target_count": 4,
        "id": "class_b",
        "input_sha256": "c3f297ca8400c465342382558e7ae78b6ec7eb868b3cc635a3ac64cf63bdba94",
        "ordinary_waste_sha256": "51b2ef61eb331416dfa5f08db0a931d87f5373bdf10e6e48cbca47302443ae50",
        "output_sha256": "e270150299715d9ba3a5982f88f71e8e8124c436894789aa1adcba9b13896b10"
      },
      {
        "component_target_count": 4,
        "id": "class_c",
        "input_sha256": "0728e2664dbe99c69f5ce60626dcccd3392bf4bd6bfe89725f2678dbdde20f1c",
        "ordinary_waste_sha256": "9d4d0457ad0ea974e9e2f2e0b2be6157e46b4dc7cfb95351b1258e401de23517",
        "output_sha256": "a43eb30592a4046c71b7d4420bfd79f2f7adbc772e531828aea8e4cd9c1136d4"
      },
      {
        "component_target_count": 4,
        "id": "above_class_c",
        "input_sha256": "17b593ca98da392977537952c64eb1cd0f121a999448992f991a045b3ece920e",
        "ordinary_waste_sha256": "9d4d0457ad0ea974e9e2f2e0b2be6157e46b4dc7cfb95351b1258e401de23517",
        "output_sha256": "f75f3398a574b005c47e1332daaa52e756808c95d0df7bbe497c70a7d64bdea0"
      },
      {
        "component_target_count": 4,
        "id": "two_table_mixture",
        "input_sha256": "c21e99e3b0c9b916287fc9c6aac1f4d860e1c2e9392a837fab7017c965b63d78",
        "ordinary_waste_sha256": "5632eaef925e31c4ed9e07e4ef289f7e504e1d9c001b959d6f84fc74fd528501",
        "output_sha256": "669b9a480e4012c98e7007ead97015ad9e6d7916ddfea2d433fed6de219786ee"
      },
      {
        "component_target_count": 4,
        "id": "short_group",
        "input_sha256": "3aa26ce9438035a7fb24e7ac6234a2a2b3bd81278ffdc2be3029511650f0148e",
        "ordinary_waste_sha256": "4c4d470bf12b9219d06066f4beda509e825259193a4502b1cd009bd20b3f85dd",
        "output_sha256": "67aaaeea56ca74e9346466d64f8c66e5a44a7d6b1501c6e66a5cb3efdf7b9fbc"
      },
      {
        "component_target_count": 4,
        "id": "metal_c14",
        "input_sha256": "e54c1715d1c0b183d8142ad5c1840911e5c385f16037ea8b77ec47e2c5cf18c2",
        "ordinary_waste_sha256": "9bbde6d542727f0f24f0db20cf398f3f5ba617dc737abe1cd174d9e32b85d5cc",
        "output_sha256": "90a8cd6930578b38c594be474d6a61bb594813d47935d846182e88dfcc599e61"
      },
      {
        "component_target_count": 4,
        "id": "metal_ni59",
        "input_sha256": "1b3fc3b8a3b17552d651a8050efd2cce06b6318f1f5d1adfd5ccc8ac575bcd45",
        "ordinary_waste_sha256": "0c1a3c02016a9355f58049d9554c77c3a52ea0caa4448f935ea5acf426283009",
        "output_sha256": "237d3ca62aec6e334c5b9670deb6cc609651c5916063add0591fac89249cfcb7"
      },
      {
        "component_target_count": 4,
        "id": "metal_ni63",
        "input_sha256": "6ae7d7bd329744a9225e2338ec2c9c63d785652ac715d3bd2b349ef7cca8dcfb",
        "ordinary_waste_sha256": "44b77c9a941a468bb69eaa195dfcd558fbdc735c84a10f8200f96c2564edcb61",
        "output_sha256": "785ff4b8bdd47a0d3ed2bae8ac425218f5bfe81124083068c053ecdf83b6278b"
      },
      {
        "component_target_count": 4,
        "id": "metal_nb94",
        "input_sha256": "fca5ea192592d5906aea86f5495ef5870efdd0e8a85b382f37a9fe21e97c402b",
        "ordinary_waste_sha256": "6723d97b01322f3bd094bb24957b69ce8d7856ef01819a4191ce629d6f049774",
        "output_sha256": "eb3be881588d935f5de1f2467dfcff598c48b9c89e31d24cf151e92ac65d66ca"
      },
      {
        "component_target_count": 4,
        "id": "mass_normalized_alpha",
        "input_sha256": "7e87983365290a7f251146efa1569225a198d4dcea6bd51f9a788c9ee104521b",
        "ordinary_waste_sha256": "98bf5fda179922f8d96ca301adb956331cc5113bd6bc6aafd3218a2453b29d73",
        "output_sha256": "63aa07b24a83c0c1f2ef02b6fd77f654433c95c44c3c10581ba4b92867784789"
      },
      {
        "component_target_count": 4,
        "id": "alpha_group",
        "input_sha256": "9599f3de39c9d30ac4bc62b699a7a4bfb665ae833a35778ad61a130d2591546a",
        "ordinary_waste_sha256": "4d0f0dc587ba131f52a9f5d059ec8dc754e88e3e63845cfb225dae3f8c547f93",
        "output_sha256": "80df1b98d377dc1bf13f258943cf81a1dd1a2710b64e6b939cf6d043ee9a32e5"
      },
      {
        "component_target_count": 4,
        "id": "density_geometry",
        "input_sha256": "3ebb0a37b32383754de7ab312eda9cff52663466b7634a37462ef06123d80488",
        "ordinary_waste_sha256": "951a456337d24a9e365104fb4515fa0cfb874d3fa75efc267c1a290098097fb9",
        "output_sha256": "679c58b590d43b34758ded0bb2a2a3096f88fec24d11b1e57a9e0dcb6c0e99c0"
      },
      {
        "component_target_count": 4,
        "id": "volume_geometry",
        "input_sha256": "3ebb0a37b32383754de7ab312eda9cff52663466b7634a37462ef06123d80488",
        "ordinary_waste_sha256": "9d4d0457ad0ea974e9e2f2e0b2be6157e46b4dc7cfb95351b1258e401de23517",
        "output_sha256": "1a02ac958a628d3ba3f4019627c480b41a59f7051736e4073ac9c62900f1fc5b"
      },
      {
        "component_target_count": 4,
        "id": "external_h3_once",
        "input_sha256": "edf536c6e173d5c182a96d38eeb950a33c1bbb36ba08a9e903f3487b6d5a94d0",
        "ordinary_waste_sha256": "237f6c71dda79f084b439c4e84f84bbc12f8171fc928890e605821a7ded0d58a",
        "output_sha256": "b4f84b63b430361a55cd8aa53d26af3814c60656166e45ad242846cd240d6453"
      },
      {
        "component_target_count": 4,
        "id": "required_h3",
        "input_sha256": "6c1f716fa43b31d1aff9dca792359637dcf3d905a4c5e8c763a758594186aab5",
        "ordinary_waste_sha256": "c9fb7ec3e4d077512a5c058e34de3e2e39d2f93586932ada8d52c7214ec5e501",
        "output_sha256": "71e95d02eccdc893f3053c9a6d09c5b0a9a56fdbae59e2bbfe9ccc8c890f8eb0"
      },
      {
        "component_target_count": 4,
        "id": "missing_metadata",
        "input_sha256": "fd390969a9c374e84654c0ccfb0e2803a6549cc7ee2959ef02292035bd1ce831",
        "ordinary_waste_sha256": "7f1da7a14bb61af1a3dcfacc6886b7739110b1a830b0f50cd42d2258ac16012d",
        "output_sha256": "a74e6efa438a115f87d980d9e76a90f871629c4ab872bd6d34283b1d184a0e3e"
      },
      {
        "component_target_count": 4,
        "id": "empty_inventory",
        "input_sha256": "41f4899f854a53d469269b9425828152b3f773a47a90ab844d637991caa95561",
        "ordinary_waste_sha256": "7f1da7a14bb61af1a3dcfacc6886b7739110b1a830b0f50cd42d2258ac16012d",
        "output_sha256": "ee903227adf14573ae8226479b79d927afbb71e99aff928d19194434a22f536c"
      },
      {
        "component_target_count": 2,
        "id": "unassigned_cell",
        "input_sha256": "6c1f716fa43b31d1aff9dca792359637dcf3d905a4c5e8c763a758594186aab5",
        "ordinary_waste_sha256": "36c763334b9a60231f27cb87c4f8299a1e6f779fe1e193b08dfdea25d9360209",
        "output_sha256": "ba4649cb68914869cda601c78d97de653d8b4055ca8cf65d2fc3e58938f779ad"
      },
      {
        "component_target_count": 4,
        "id": "boundary_below",
        "input_sha256": "9408aeb80c0049065aec7873715b8a32fab635ee8bfcf37374d6d68341aa843e",
        "ordinary_waste_sha256": "9d4d0457ad0ea974e9e2f2e0b2be6157e46b4dc7cfb95351b1258e401de23517",
        "output_sha256": "44baaade0d861a5c8ab9019bd35181b72c05ac6dfd4fb8501a25522bd3b0b99d"
      },
      {
        "component_target_count": 4,
        "id": "boundary_equal",
        "input_sha256": "33a281ff82379af6f3573b973381f3d11d1fadfe1ec38ee276a8c61f36c4d5d7",
        "ordinary_waste_sha256": "9d4d0457ad0ea974e9e2f2e0b2be6157e46b4dc7cfb95351b1258e401de23517",
        "output_sha256": "bb96540c0d469427c626d26b3afb63e44c12b20adf88ee88cf33be3654e7bdcd"
      },
      {
        "component_target_count": 4,
        "id": "boundary_above",
        "input_sha256": "ac5c5ddbd772b57a90b9b0f4c4b742e38cf2d1d8229270c3d586c3c2904fa95a",
        "ordinary_waste_sha256": "9d4d0457ad0ea974e9e2f2e0b2be6157e46b4dc7cfb95351b1258e401de23517",
        "output_sha256": "da40eff67240dd2bdafa036c5ea28401bd4a657f2781c8d6574ed4ee9b37e524"
      },
      {
        "component_target_count": 4,
        "id": "mixture_boundary_below",
        "input_sha256": "546f15ee4d85d5a856d9c97158ec2a83581d35dc6fd0d6bcf0cf753e7f89d390",
        "ordinary_waste_sha256": "47637b8a10eefec323d10063e240a102cb77991690caed3b1a1bd1f31082568f",
        "output_sha256": "5d385fc578f3d0b1199acc4ef09fe5fef48ada332ab11b0bd83cf58bec207425"
      },
      {
        "component_target_count": 4,
        "id": "mixture_boundary_equal",
        "input_sha256": "b36f76d6a06b6e38fda50cd27318d4fe3ea6342539986d939d451d4d3f921f8a",
        "ordinary_waste_sha256": "47637b8a10eefec323d10063e240a102cb77991690caed3b1a1bd1f31082568f",
        "output_sha256": "9d998a84cca835d9fdd2825b42aac0889fd66beff61a1cdc67a0d4ac46e89e0e"
      },
      {
        "component_target_count": 4,
        "id": "mixture_boundary_above",
        "input_sha256": "ef544f6f4f62ad5a8db712949be7e75fcaaef63e0b668f430db2a339fa418e41",
        "ordinary_waste_sha256": "47637b8a10eefec323d10063e240a102cb77991690caed3b1a1bd1f31082568f",
        "output_sha256": "043a171ccd8b2d643c74519dd4f56585cfe0a74a59b3293ce3b5d144be5ba6cb"
      },
      {
        "component_target_count": 4,
        "id": "assay_baseline",
        "input_sha256": "7e25ba76a8f2db27e1476119bd1fa324e2beea5955d8119f144403c4f147825d",
        "ordinary_waste_sha256": "4378636d5263f157deaaf4e5654566b58d495bcf3781e43dfdbc6a980e92e610",
        "output_sha256": "8fb7445eff75dbd6541559baa37ae4fb47a483fd6eef6708cf3c0c9b2e6ffadd"
      },
      {
        "component_target_count": 4,
        "id": "scalar_assay",
        "input_sha256": "7e25ba76a8f2db27e1476119bd1fa324e2beea5955d8119f144403c4f147825d",
        "ordinary_waste_sha256": "4378636d5263f157deaaf4e5654566b58d495bcf3781e43dfdbc6a980e92e610",
        "output_sha256": "aeae15b6ef238330cf51ba3a948b52f7723a6491ce9a776df4254114222f94bb"
      },
      {
        "component_target_count": 4,
        "id": "mixture_assay",
        "input_sha256": "7e25ba76a8f2db27e1476119bd1fa324e2beea5955d8119f144403c4f147825d",
        "ordinary_waste_sha256": "4378636d5263f157deaaf4e5654566b58d495bcf3781e43dfdbc6a980e92e610",
        "output_sha256": "aeae15b6ef238330cf51ba3a948b52f7723a6491ce9a776df4254114222f94bb"
      },
      {
        "component_target_count": 4,
        "id": "propagated_assay",
        "input_sha256": "7e25ba76a8f2db27e1476119bd1fa324e2beea5955d8119f144403c4f147825d",
        "ordinary_waste_sha256": "4378636d5263f157deaaf4e5654566b58d495bcf3781e43dfdbc6a980e92e610",
        "output_sha256": "8cf3b72cc538e15428961fbe459e73941f2a7f6262073a0d242238ad598f8357"
      },
      {
        "component_target_count": 4,
        "id": "dose_assay",
        "input_sha256": "7e25ba76a8f2db27e1476119bd1fa324e2beea5955d8119f144403c4f147825d",
        "ordinary_waste_sha256": "4378636d5263f157deaaf4e5654566b58d495bcf3781e43dfdbc6a980e92e610",
        "output_sha256": "b4a5b217059cd3b9e119e15f6775ac64d00dcb0e8f2af1a8037ec7cfb54ca843"
      },
      {
        "component_target_count": 4,
        "id": "repeat_deterministic",
        "input_sha256": "d6472f230e39f67f83d8f2ddf552d052cad53df98ab84a0831a174a379353da5",
        "ordinary_waste_sha256": "4378636d5263f157deaaf4e5654566b58d495bcf3781e43dfdbc6a980e92e610",
        "output_sha256": "8e0b136452bed602fa4f39779b9ad15613cd4a6e4a4e75c551fa5fa5d15a3074"
      },
      {
        "component_target_count": 4,
        "id": "uniform_split_reference",
        "input_sha256": "7e25ba76a8f2db27e1476119bd1fa324e2beea5955d8119f144403c4f147825d",
        "ordinary_waste_sha256": "4378636d5263f157deaaf4e5654566b58d495bcf3781e43dfdbc6a980e92e610",
        "output_sha256": "8fb7445eff75dbd6541559baa37ae4fb47a483fd6eef6708cf3c0c9b2e6ffadd"
      },
      {
        "component_target_count": 4,
        "id": "unequal_cell_split_equivalent",
        "input_sha256": "3cec8777a5f82592a8d02f72cfe68f929e25ce8db410202a0e13d1950150b261",
        "ordinary_waste_sha256": "4378636d5263f157deaaf4e5654566b58d495bcf3781e43dfdbc6a980e92e610",
        "output_sha256": "c4356a95688880ebc1c55a6ae618d289482c035ce2e4531c6b48d3678f8b27d3"
      },
      {
        "component_target_count": 4,
        "id": "single_cell_unsplit_equivalent",
        "input_sha256": "7e25ba76a8f2db27e1476119bd1fa324e2beea5955d8119f144403c4f147825d",
        "ordinary_waste_sha256": "c6bd5c9c090246253ef13317a57ade2d7606f1e425747070a9c83ea2772559a9",
        "output_sha256": "60f5e7a0823b3ecd2c4ac120d978f8a97c26a7f45c4156aac61955458fd9be55"
      },
      {
        "component_target_count": 4,
        "id": "selected_step_reordering",
        "input_sha256": "7e25ba76a8f2db27e1476119bd1fa324e2beea5955d8119f144403c4f147825d",
        "ordinary_waste_sha256": "09e2549b76b064e0f59a554852dbeac9e0d9411374e5323ea8ffa01bffac4bfb",
        "output_sha256": "cd2067c4ca0ea6640d6a21cfed2f67b31b3bb86ac779163fe0489c406d90f957"
      }
    ],
    "schema": "actinv-p116-twin-waste-g1-1"
  },
  "pass": false,
  "persisted_result_matches": true,
  "phase": "P117",
  "protocol_sha256": "624d80cfcdbcd2254f3b29f4b39c5220588bdaa9dd16b21c35d395c6aa1f7825",
  "refusal_controls": null,
  "repeat_byte_identical": null,
  "request_count": null,
  "schema": "actinv-p117-twin-waste-g1-1"
}
{
  "fresh_g1_report": {},
  "g0_exact_replay_equal": false,
  "g0_result_sha256": null,
  "g1_exact_replay_equal": false,
  "g1_result_sha256": "c5d4cc7c77c3ce2134f14aa9d756dddb1d7a672f169c2648d5551f47f2aa2516",
  "p116_g1_sha256": "74f6eab80ee223c81b6f7391f3f4147d7fa38ffeac55485f3d2a05e8618a65b9",
  "pass": false,
  "persisted_result_matches": true,
  "phase": "P117",
  "protocol_sha256": "624d80cfcdbcd2254f3b29f4b39c5220588bdaa9dd16b21c35d395c6aa1f7825",
  "schema": "actinv-p117-twin-waste-g2-1",
  "separate_output_paths_byte_identical": false
}

=== stderr ===
..........
----------------------------------------------------------------------
Ran 10 tests in 225.051s

OK
