=== stdout ===
{
  "files": [
    {
      "bytes": 4669080,
      "path": "tendl/n_026-Fe-52M_2620.dat",
      "sha256": "2e66cc8b0d1f5809aa8ecc1a48dbad5d45c434a3de2c2c6d43dde955c68919ed"
    },
    {
      "bytes": 3393406,
      "path": "tendl/n_026-Fe-52_2619.dat",
      "sha256": "15d4b2db98d3db459aca7b1e7ac5d6bb687f3a302dc77885de8c3a8ae1e8f574"
    },
    {
      "bytes": 4527794,
      "path": "tendl/n_026-Fe-53M_2623.dat",
      "sha256": "19f448a9c8a6ed6ef41149cd22fbc807b9b76d8db7b88c268aa190a6a97aea4a"
    },
    {
      "bytes": 3725670,
      "path": "tendl/n_026-Fe-53_2622.dat",
      "sha256": "bcb513b0e9077f3a1327a076829d7b748500bab0aaf1b139c9669e0e05f207ae"
    },
    {
      "bytes": 3594962,
      "path": "tendl/n_026-Fe-54_2625.dat",
      "sha256": "39406cfae13b13a51a26d7de5f2afdc4389fd4c1e0bedf30f7ae227c3c4c35b6"
    },
    {
      "bytes": 3592666,
      "path": "tendl/n_026-Fe-55_2628.dat",
      "sha256": "23fbff456511eb1b87e353633e354d2eb79213f5cb22f8a39c287c6744156abc"
    },
    {
      "bytes": 3938788,
      "path": "tendl/n_026-Fe-56_2631.dat",
      "sha256": "e4abb3573a1d3745b5953a5754ad87d128342048a31c4221333693c962c8d53a"
    },
    {
      "bytes": 3884914,
      "path": "tendl/n_026-Fe-57_2634.dat",
      "sha256": "8b201f7819b0846c88236ad519ad82b7f61d28ec832e8dc601ab1e9cebea7a6e"
    },
    {
      "bytes": 3179140,
      "path": "tendl/n_026-Fe-58_2637.dat",
      "sha256": "b7c14376bd6cfb61a90caf7d886b9ec612204f1591a2308ab6903ab09bed26b6"
    },
    {
      "bytes": 3411938,
      "path": "tendl/n_026-Fe-59_2640.dat",
      "sha256": "2edc4aedfb817543b85d834eed346fb52ffd0aa4daad2c9bd8f8fff716238abf"
    },
    {
      "bytes": 68313052,
      "path": "decay/endf-b-viii-0_decay.dat",
      "sha256": "6f04cf009086c179021f243a58dadc2d5bb078de5ba39c4fe46ccad77d228ddb"
    },
    {
      "bytes": 45718116,
      "path": "decay/jeff-3-3_decay.dat",
      "sha256": "850b8b7f85f8d88b6ad826c4cd341aaaffabd525c8ecf3c588a0ad437bf5d123"
    },
    {
      "bytes": 14839792,
      "path": "fns/fns.zip",
      "sha256": "ba1dd6cb150a4aa3e0d81461054aec7d415ef19d946aba8b9886b31de218252d"
    }
  ],
  "total_bytes": 166789318
}

=== stderr ===
