Running as unit: run-p2245169-i10620634.scope; invocation ID: f2de5f1d88004f509cc379964b0a81a9
{
  "argv": [
    "python3",
    "scripts/test_run_p118_gate.py"
  ],
  "child_exit_code": 1,
  "cwd": ".",
  "elapsed_s": 0.3563121280167252,
  "error": null,
  "gate": "recorder_regressions",
  "log_path": "target/p118-recorder_regressions.log",
  "log_sha256": "ca806c9d525d2234440ae8ae3b30dc2e8ca39432b70da62c4ddf6658727cccfc",
  "phase": "P118",
  "resources": {
    "cgroup_limits": {
      "cpu.max": "200000 100000",
      "memory.max": "6442450944",
      "memory.swap.max": "0",
      "pids.max": "128"
    },
    "cgroup_path": "/user.slice/user-1000.slice/user@1000.service/app.slice/run-p2245169-i10620634.scope",
    "environment": {
      "CARGO_BUILD_JOBS": "1",
      "RAYON_NUM_THREADS": "2",
      "RUST_TEST_THREADS": "1"
    },
    "platform": "linux",
    "tmpdir": {
      "filesystem": "ext4",
      "mount_point": "/",
      "path": "target/preflight-tmp"
    }
  },
  "schema": "actinv-roadmap-gate-receipt-1",
  "status": "child_failed",
  "timeout_s": 600.0
}
