=== stdout ===
{
  "component_target_count": 138,
  "g0_exact_replay_equal": true,
  "g1_exact_replay_equal": true,
  "g2_exact_replay_equal": true,
  "mutations_rejected": {
    "assay_adjustment": true,
    "assigned_count": true,
    "basis": true,
    "binding_contributor_count_2": true,
    "binding_normalized_margin_1": true,
    "binding_normalized_sum_0": true,
    "binding_passes_4": true,
    "binding_strict_3": true,
    "class": true,
    "class_counts_first_target": true,
    "class_counts_unknown": true,
    "component_mass": true,
    "constraint_contributor_count_3": true,
    "constraint_normalized_margin_0": true,
    "constraint_normalized_sum_2": true,
    "constraint_passes_5": true,
    "constraint_source_sum_fraction_1": true,
    "constraint_strict_4": true,
    "constraint_table_7": true,
    "constraint_target_class_6": true,
    "coverage": true,
    "external_activity": true,
    "external_status": true,
    "facility_component_count": true,
    "integer_count_type": true,
    "inventory": true,
    "membership": true,
    "membership_coverage": true,
    "missing_metadata_coverage": true,
    "missing_metadata_unknown_nuclides": true,
    "missing_metadata_unknown_reason": true,
    "required_h3_coverage": true,
    "required_h3_unknown_nuclides": true,
    "required_h3_unknown_reason": true,
    "result_status": true,
    "row_concentration_1": true,
    "row_fraction_0": true,
    "row_limit_2": true,
    "row_nuclide_4": true,
    "row_row_id_3": true,
    "unassigned_ids": true,
    "volume": true,
    "waste_type": true
  },
  "p116_g1_sha256": "74f6eab80ee223c81b6f7391f3f4147d7fa38ffeac55485f3d2a05e8618a65b9",
  "pass": true,
  "phase": "P117",
  "refusal_controls": {
    "checks": {
      "alias_property_duplicate": true,
      "assay_file_size_cap": true,
      "bad_assay_missing": true,
      "bad_component_name": true,
      "bad_external_alias": true,
      "bad_external_exclusion": true,
      "bad_mass_value": true,
      "bad_type": true,
      "both_geometry": true,
      "canonical_activity_alias_collision": true,
      "duplicate_cell": true,
      "duplicate_mesh_cell": true,
      "duplicate_target": true,
      "empty_twin_group": true,
      "extra_mass_cell": true,
      "extra_waste_component": true,
      "invalid_property_z": true,
      "invalid_unselected_activity": true,
      "malformed_footer": true,
      "malformed_mesh_json": true,
      "mass_closure": true,
      "mesh_cell_count_cap": true,
      "mesh_size_cap": true,
      "missing_assigned_mesh_cell": true,
      "missing_external_step": true,
      "missing_mass_cell": true,
      "missing_waste_component": true,
      "neither_geometry": true,
      "nonregular_input_path": true,
      "nuclide_property_count_cap": true,
      "null_external": true,
      "null_properties": true,
      "null_waste": true,
      "outer_spec_size_cap": true,
      "overlap": true,
      "positive_activity_count_cap": true,
      "raw_duplicate_key": true,
      "raw_duplicate_mesh_record_key": true,
      "selected_target_missing_step": true,
      "serialized_output_size_cap": true,
      "too_many_targets": true,
      "truncated_mesh": true,
      "unequal_component_timestamps": true,
      "unknown_component_field": true,
      "unknown_external_field": true,
      "unknown_property_field": true,
      "unknown_rules": true,
      "unknown_waste_field": true,
      "zero_half_life": true,
      "zero_target": true
    },
    "pass": true
  },
  "repeat_byte_identical": true,
  "request_count": 35,
  "schema": "actinv-p117-full-replay-1"
}

=== stderr ===
