Running as unit: run-p780065-i9164666.scope; invocation ID: 62d8e2ba78d1477db8fe6af12d36e6aa
{
  "case_targets": [
    4,
    4,
    4,
    4,
    4,
    4,
    4,
    4,
    4,
    4,
    4,
    4,
    4,
    4,
    4,
    4,
    4,
    4,
    2,
    4,
    4,
    4,
    4,
    4,
    4,
    4,
    4,
    4,
    4,
    4,
    4,
    4,
    4,
    4,
    4
  ],
  "component_target_count": 138,
  "control_sha256": {
    "controls/check_p105.py": "fad7a5e78f3f4b29941a3f4c340f875f5a31095ba429fa6c7857a47084810ef1",
    "controls/check_p105_verdict.py": "5b43632249829187eefd8a28f0530c966b32ab59f15fd67109f4a74620bbaa16",
    "controls/check_p111_history.py": "7ac84f74c56a250503428926b0acdafb0221742deea317493f56d55217b49da8",
    "controls/check_p112.py": "285a7600a00b05187a0f4e9fa8521e97edf9addee8745ab6f2237961b966d33a",
    "controls/check_p112_verdict.py": "d0f6503918940b5dd12e7c431cdcfbc1ddbc69ad6810bacea2b6bafdb27299d3",
    "controls/check_p113.py": "c2866ca2e7011aff3cb9aec152a6680a7f3903f827fc1f242d5c4734e49b8d2b",
    "controls/check_p113_verdict.py": "c94f7c2fae67371427cede16e5a95c2105f79470b55d1df3121285b0c6ce0961",
    "controls/fixtures/p103/61.55_2025.xml": "7c08a6cb64d21e082ecf62a94fc3ef0be42c64fb68443658eff393ddc0bc0864",
    "controls/fixtures/p103/classification_vectors.json": "bfefb655b2df52da7ccb7a93cfd7c22bdc18762917e900e828ebd97d58b2bb42",
    "controls/fixtures/p113/cases.json": "e6bcebc856c7faaa571455a45c81da49e988a34bfd1f7149bc67656d93d5f956",
    "controls/p103_vector_fixture.py": "89c05549d8a9b71c256e3688f64b56cb62f24b2e59b7d5ab4a7e79ff6adbd284",
    "controls/p105_budget_control.py": "b9b69dc424a37d45b41b165276884c3d032d32ea968e3fd0f4c85add653c41bb",
    "controls/p111_intrusion_control.py": "a8152cf68719b6384610f2f8b08f2a3a46b901b8f3af7f9b3db8c61414e7c153",
    "controls/p113_legacy_control.py": "34e9ad3f614794902ec833de8514202690914a0ca369d995db2b6b167e367b2a",
    "controls/p113_twin_control.py": "6572000eb079985fd14354101f71d6062fc881ac666dd076b502b700b937c976",
    "controls/test_p113_oracle.py": "50954f61ff9bcc9b1ba61ee883785c28072bc6a95a1b3694f465895c8257130b",
    "controls/test_p113_seal.py": "f9479488b6054d12cc0125be39ae9ab24a94daad7cf1c3b86c0692a3a4549f9d",
    "controls/test_p113_verdict.py": "b05830f905f0f43a6bee40b64641a9a4febc2073e5bc1e4ab322613ecb4be21f",
    "crates/actinv-core/data/waste_us_nrc_61_55_v1.json": "890268af81a53815b8e11c238e4a1694eabb79664a1ca087fd7fe22b9fabe5d7",
    "data/waste_us_nrc_61_55_v1.json": "890268af81a53815b8e11c238e4a1694eabb79664a1ca087fd7fe22b9fabe5d7",
    "docs/maintainers/WASTE_RULE_SOURCE_REVIEW.md": "4d316aacee158dbcc36daf4bd191d84ee7c511d471555ec3084115dabaeefd64",
    "protocols/ACTINV-P113_PROTOCOL.md": "0495157f3e8308d6a28475b94363e24b932f462c10f901518fa1c809a68ebbfa",
    "results/g0_p103_seals.json": "31a87b130be75f290569d0bea083ec4e687e498a0627eeed25cf8c0209e38367",
    "results/g0_p105_successor.json": "53f478d4274515c4c4fb51661a7add371af719b241fc5e02acbe34a531d1ca6a",
    "results/g0_p112_intrusion_screen.json": "da06735bacade33eeb543e08300d09efcb5e995e9c9f8b80904cd5f8d9be1906",
    "results/g0b_p103_vectors.json": "a3a846da215940f66bb5f428a0aa4931b9a26250ea14a12d0bc5c5369cfd9293",
    "results/g1_p105_classes.json": "2010e03dd3bf6ad91eeba94c25fd1a02a6ba2cfc561f03912f860fa38f28dfab",
    "results/g1_p112_intrusion_screen.json": "1193312d504ef6e21c7be973d79b22c32b85ae619f9b6341b2269885013c61e6",
    "results/g2_p105_budget.json": "7413f9a3127a6b3d6c297232cff137e7c6a93cdd0fe6025226702588e7834d29",
    "results/g2_p112_intrusion_screen.json": "ff81ceacceac180039884c7c5d53525c4db107bb2cddcbf5d261d12d618538b4",
    "results/g3_p105_quality.json": "0ad41150b27c3e62acf2893d252bcd8986d989ba4cf90f4832bc4251252c88bc",
    "results/g3_p112_quality.json": "332445c7b022744dda5219bbbd8312440470db98f2b803ad6cbf5a8386ab865a",
    "results/p105_ci_runs.json": "9cc923e1075561253e27ea6b5c45d0dc2930f659283491d6ce34e536c10507c4",
    "results/p105_verdict.json": "0e2c770096662aaef1a9f4fd4a78d9aa8c71c775e86f1e27924708c84b361b41",
    "results/p107_verdict.json": "5e5bae7ebf1f5c244a84f6e03ffe19c3e148f3678d939bc12a09f26053aea3aa",
    "results/p108_verdict.json": "231071d8f4009294a2eec3ca1029054ec9542d9d1cdc29b12c282fd8d19041ef",
    "results/p109_verdict.json": "b6d370e3e560d0d7f780b0a7bb6344413fee87eb69eab865ac9e5ac58b449398",
    "results/p110_verdict.json": "1a2f7254e22333778c456139f19b231b76c7f2c3232115c1a104b61b2d43503d",
    "results/p111_verdict.json": "35c3b5eb4ef12fcad7e78f90a9103b476cdb51b29cb7974b7ec0a3ddae25579c",
    "results/p112_ci_runs.json": "20fe05c616515ec635fcab34134acae0bf902db45134af92b8a9cbc0c3d9fe7d",
    "results/p112_implementation_commit.json": "6c7ac49555c8ed383005175fa651413dd262a388e1e28d34813bf2277c84e117",
    "results/p112_verdict.json": "b94cdab3a9776d51df74b793b889f80198e8e5f6d9c0af04d7fba671d248e91e"
  },
  "fixture_check": {
    "class_outcomes": [
      "A",
      "B",
      "C",
      "above_class_c",
      "unknown"
    ],
    "component_target_count": 138,
    "errors": [],
    "expected_fixture_sha256": "e6bcebc856c7faaa571455a45c81da49e988a34bfd1f7149bc67656d93d5f956",
    "fixture_sha256": "e6bcebc856c7faaa571455a45c81da49e988a34bfd1f7149bc67656d93d5f956",
    "pass": true,
    "request_component_target_counts": [
      4,
      4,
      4,
      4,
      4,
      4,
      4,
      4,
      4,
      4,
      4,
      4,
      4,
      4,
      4,
      4,
      4,
      4,
      2,
      4,
      4,
      4,
      4,
      4,
      4,
      4,
      4,
      4,
      4,
      4,
      4,
      4,
      4,
      4,
      4
    ],
    "request_count": 35,
    "request_ids": [
      "class_a",
      "class_b",
      "class_c",
      "above_class_c",
      "two_table_mixture",
      "short_group",
      "metal_c14",
      "metal_ni59",
      "metal_ni63",
      "metal_nb94",
      "mass_normalized_alpha",
      "alpha_group",
      "density_geometry",
      "volume_geometry",
      "external_h3_once",
      "required_h3",
      "missing_metadata",
      "empty_inventory",
      "unassigned_cell",
      "boundary_below",
      "boundary_equal",
      "boundary_above",
      "mixture_boundary_below",
      "mixture_boundary_equal",
      "mixture_boundary_above",
      "assay_baseline",
      "scalar_assay",
      "mixture_assay",
      "propagated_assay",
      "dose_assay",
      "repeat_deterministic",
      "uniform_split_reference",
      "unequal_cell_split_equivalent",
      "single_cell_unsplit_equivalent",
      "selected_step_reordering"
    ]
  },
  "fixture_population_matches": true,
  "historical_p105_verified": true,
  "historical_p112_verified": true,
  "p105_source_vector_seals_match": true,
  "p105_verified": true,
  "p112_verified": true,
  "pack_mirror_identical": true,
  "pack_sha256": "890268af81a53815b8e11c238e4a1694eabb79664a1ca087fd7fe22b9fabe5d7",
  "pass": true,
  "persisted_seal_matches": true,
  "phase": "P113",
  "prior_verdict_details": {
    "P105": {
      "ci_evidence_sha256": "9cc923e1075561253e27ea6b5c45d0dc2930f659283491d6ce34e536c10507c4",
      "evidence_sha256": {
        "g0_p105_successor.json": "53f478d4274515c4c4fb51661a7add371af719b241fc5e02acbe34a531d1ca6a",
        "g1_p105_classes.json": "2010e03dd3bf6ad91eeba94c25fd1a02a6ba2cfc561f03912f860fa38f28dfab",
        "g2_p105_budget.json": "7413f9a3127a6b3d6c297232cff137e7c6a93cdd0fe6025226702588e7834d29",
        "g3_p105_quality.json": "0ad41150b27c3e62acf2893d252bcd8986d989ba4cf90f4832bc4251252c88bc"
      },
      "gates": {
        "G0": "PASS",
        "G1": "PASS",
        "G2": "PASS",
        "G3_CI": "PASS",
        "G3_local": "PASS"
      },
      "implementation_commit": "a1d2dc3397ace8b3d22c2e8ade8127cf4d5086e2",
      "phase": "P105",
      "predecessors": {
        "P103": "FAIL",
        "P104": "FAIL"
      },
      "qualification": "Nominal single-component U.S. Part 61 arithmetic and fixed-rate composition budgets; artificial activation control, no disposal acceptance or predictive library qualification.",
      "repair_rounds": 1,
      "schema": "actinv-p105-verdict-1",
      "verdict": "P105-PASS"
    },
    "P107": {
      "checks": {
        "artifact_read_errors": {},
        "ci": {
          "all_completed_success": true,
          "ci_head_sha_matches_implementation": true,
          "implementation_commit_sha": "27d5636ad5331a3dacd8130a6b5e3516fb661e9f",
          "implementation_record_valid": true,
          "observed_workflows": [
            "Build browser workbench",
            "Build handbook",
            "controls",
            "desktop builds",
            "fns-iron",
            "fusion-isotope"
          ],
          "pass": true,
          "required_workflows": [
            "Build browser workbench",
            "Build handbook",
            "controls",
            "desktop builds"
          ],
          "single_head_sha": true
        },
        "p107_amendment_registered": true,
        "predecessor_p105_terminal_pass": true,
        "predecessor_p106_terminal_fail": true,
        "quality": {
          "all_recorded_gate_exit_codes_zero": true,
          "production_rust_source_hashes": {
            "crates/actinv-cli/src/assimilate.rs": true,
            "crates/actinv-cli/src/bin/actinv.rs": true,
            "crates/actinv-cli/src/budget.rs": true,
            "crates/actinv-cli/src/command.rs": true,
            "crates/actinv-cli/src/decide.rs": true,
            "crates/actinv-cli/src/evalspread.rs": true,
            "crates/actinv-cli/src/lib.rs": true,
            "crates/actinv-cli/src/optimize.rs": true,
            "crates/actinv-cli/src/surrogate.rs": true,
            "crates/actinv-cli/src/twin.rs": true,
            "crates/actinv-cli/src/waste.rs": true,
            "crates/actinv-cli/src/waste_bounds.rs": true,
            "crates/actinv-cli/src/waste_budget.rs": true,
            "crates/actinv-cli/src/worker.rs": true,
            "crates/actinv-cli/src/workflow.rs": true,
            "crates/actinv-cli/tests/data_command.rs": true,
            "crates/actinv-cli/tests/validation.rs": true,
            "crates/actinv-cli/tests/version.rs": true,
            "crates/actinv-core/examples/p92_balance.rs": true,
            "crates/actinv-core/src/bin/cache_probe.rs": true,
            "crates/actinv-core/src/bin/cram_probe.rs": true,
            "crates/actinv-core/src/bin/fission_probe.rs": true,
            "crates/actinv-core/src/bin/flux_probe.rs": true,
            "crates/actinv-core/src/bin/parser_fuzz_probe.rs": true,
            "crates/actinv-core/src/bin/photon_probe.rs": true,
            "crates/actinv-core/src/bin/prepared_probe.rs": true,
            "crates/actinv-core/src/bin/uncertainty_probe.rs": true,
            "crates/actinv-core/src/bin/unit_probe.rs": true,
            "crates/actinv-core/src/chain.rs": true,
            "crates/actinv-core/src/clearance.rs": true,
            "crates/actinv-core/src/cram.rs": true,
            "crates/actinv-core/src/cram_coeffs.rs": true,
            "crates/actinv-core/src/damage.rs": true,
            "crates/actinv-core/src/doppler.rs": true,
            "crates/actinv-core/src/finite.rs": true,
            "crates/actinv-core/src/flux.rs": true,
            "crates/actinv-core/src/gas.rs": true,
            "crates/actinv-core/src/lib.rs": true,
            "crates/actinv-core/src/mesh.rs": true,
            "crates/actinv-core/src/photon.rs": true,
            "crates/actinv-core/src/prune.rs": true,
            "crates/actinv-core/src/quantity.rs": true,
            "crates/actinv-core/src/r2s.rs": true,
            "crates/actinv-core/src/radiological.rs": true,
            "crates/actinv-core/src/reverse.rs": true,
            "crates/actinv-core/src/run.rs": true,
            "crates/actinv-core/src/shielding.rs": true,
            "crates/actinv-core/src/source_adapter.rs": true,
            "crates/actinv-core/src/sparse.rs": true,
            "crates/actinv-core/src/spec.rs": true,
            "crates/actinv-core/src/study.rs": true,
            "crates/actinv-core/src/uncertainty.rs": true,
            "crates/actinv-core/src/waste.rs": true,
            "crates/actinv-core/src/waste_bounds.rs": true,
            "crates/actinv-data/src/activation.rs": true,
            "crates/actinv-data/src/bin/dump.rs": true,
            "crates/actinv-data/src/bin/p18_corpus_probe.rs": true,
            "crates/actinv-data/src/bin/p18b_corpus_probe.rs": true,
            "crates/actinv-data/src/bin/p18b_oracle_probe.rs": true,
            "crates/actinv-data/src/bin/p20_collapse_probe.rs": true,
            "crates/actinv-data/src/bin/p20_corpus_probe.rs": true,
            "crates/actinv-data/src/bin/prepared_data_probe.rs": true,
            "crates/actinv-data/src/builder.rs": true,
            "crates/actinv-data/src/composition.rs": true,
            "crates/actinv-data/src/covariance.rs": true,
            "crates/actinv-data/src/decay.rs": true,
            "crates/actinv-data/src/doppler.rs": true,
            "crates/actinv-data/src/endf.rs": true,
            "crates/actinv-data/src/fission.rs": true,
            "crates/actinv-data/src/groups.rs": true,
            "crates/actinv-data/src/lib.rs": true,
            "crates/actinv-data/src/library.rs": true,
            "crates/actinv-data/src/normalize.rs": true,
            "crates/actinv-data/src/prepared.rs": true,
            "crates/actinv-data/src/processing.rs": true,
            "crates/actinv-data/src/resonance.rs": true,
            "crates/actinv-data/src/shielding.rs": true,
            "crates/actinv-data/src/tables.rs": true,
            "crates/actinv-gui/build.rs": true,
            "crates/actinv-gui/src/app.rs": true,
            "crates/actinv-gui/src/capture.rs": true,
            "crates/actinv-gui/src/lib.rs": true,
            "crates/actinv-gui/src/main.rs": true,
            "crates/actinv-gui/src/model.rs": true,
            "crates/actinv-gui/src/options.rs": true,
            "crates/actinv-gui/src/smoke.rs": true,
            "crates/actinv-gui/src/sweep.rs": true,
            "crates/actinv-gui/src/tour.rs": true,
            "crates/actinv-gui/src/transport.rs": true,
            "crates/actinv-gui/src/visuals.rs": true,
            "crates/actinv-gui/src/web.rs": true,
            "crates/actinv-gui/src/web_app.rs": true,
            "crates/actinv-gui/src/worker.rs": true
          },
          "production_rust_source_hashes_match": true,
          "reported_gate_count": 12,
          "required_gate_names_present": true,
          "resource_limits": {
            "coordinator_jobs": true,
            "cpu_quota_percent": true,
            "disk_tmpdir": true,
            "memory_max_bytes": true,
            "memory_swap_max_bytes": true,
            "tasks_max": true
          },
          "workspace_tests_reported_green": true
        }
      },
      "ci_evidence_sha256": "65b0b75227ec48c7cdbc7564902a55d62f459acc6038b1488af1d40dcafb5b6a",
      "evidence_sha256": {
        "g0_p106_bounds.json": "69eeef0702031ea569bd38173696b06e554b58857c48305da581163c3084ea34",
        "g0_p106_replay_failure.json": "ba805c1b3739c4bd400736b3c2725ebbc020a4d6be29518c2b25c5ff573b3e9e",
        "g0_p107_bounds.json": "3a072b15502a09ff99ff5082c19d6add8f806bfb9f93f7d19e7977317ac5d2f0",
        "g1_p107_bounds.json": "6943673898e994118091e1a4c62b3bbfdf046e1699f4cbe6abbdec01e1c4732e",
        "g2_p107_bounds.json": "ae31c767b807f43db8904c5a4d05841a7174c4ebb9ed9c26da5063fc1406ee2e",
        "g3_p107_quality.json": "b942af69d778490ee6ee5f369d71782f57320cc048363a2256ae1ba763184b3a",
        "p105_verdict.json": "0e2c770096662aaef1a9f4fd4a78d9aa8c71c775e86f1e27924708c84b361b41",
        "p106_verdict.json": "a37f8a505db4d834fcab03105c37dd126ec120fc79a8f216418836de540412c3"
      },
      "gates": {
        "G0": "PASS",
        "G1": "PASS",
        "G2": "PASS",
        "G3_CI": "PASS",
        "G3_local": "PASS"
      },
      "implementation_commit": "27d5636ad5331a3dacd8130a6b5e3516fb661e9f",
      "implementation_record_sha256": "1be5e25cc80a7b62ca5a231a7f4af7cacb5bd93508512bacddd59c6a267775d7",
      "phase": "P107",
      "predecessors": {
        "P105": "PASS",
        "P106": "FAIL"
      },
      "qualification": "Conservative class supersets for declared whole-component rectangular activity bounds under the pinned 10 CFR Part 61.55 rule pack; no uncertainty propagation, upstream completeness qualification, or disposal-acceptance conclusion.",
      "repair_rounds": 1,
      "schema": "actinv-p107-verdict-1",
      "verdict": "P107-PASS"
    },
    "P108": {
      "ci_evidence_sha256": "d3a8a7e1960fa591304344859460fc93acaa4d8456f65e65392d3c701f0c1a18",
      "evidence_sha256": {
        "g0_p108_composition.json": "5877ba27fd8dbfe3439e35564111d50f95373131a028b2673535f85fab8ee6f4",
        "g1_p108_composition.json": "52547ec42a0baac25f1878fa97214ac3e5d916f1d35069fe18132e7e2690753e",
        "g2_p108_composition.json": "2fa2b0f683add74ab96e6a8bd608a6024a3c97c35fed9780da8eba780aaaac51",
        "g3_p108_quality.json": "1324e2adebc55a5ba82156bca8db00fac44d68e4b486028b24d9fdd4482fe22b"
      },
      "gates": {
        "G0": "PASS",
        "G1": "PASS",
        "G2": "PASS",
        "G3_CI": "PASS",
        "G3_local": "PASS",
        "P107": "PASS"
      },
      "implementation_commit": "78204834caeace66c050989c73259c1bf2f9969c",
      "implementation_record_sha256": "3016897150f1877af3c568c79088bd74c02d3b69f888c938c083be1a4cc1de75",
      "phase": "P108",
      "qualification": "Conservative classification supersets for a caller-declared fixed affine activity model over feasible natural-element weight-percent intervals constrained to sum to 100%; no native model generation, physical completeness, statistical uncertainty or disposal-acceptance conclusion.",
      "quality_checks": {
        "historical_source_verification": true,
        "required_gate_names_present": true,
        "resource_limits_match": true,
        "source_hashes_match": true,
        "workspace_tests_reported_green": true
      },
      "repair_rounds": 1,
      "schema": "actinv-p108-verdict-1",
      "verdict": "P108-PASS"
    },
    "P109": {
      "ci_evidence_sha256": null,
      "evidence_sha256": {
        "g0_p109_composition_solve.json": "cad2351bf53e7f0165c6a899bcd8b97ba302d73effbb3e52bd220dcf598c1c09",
        "g1_p109_composition_solve.json": "a74fc950793785af5fa667eca793aca5934fc54ab366435004f88093b2451986",
        "g2_p109_composition_solve.json": null,
        "g3_p109_quality.json": "d7b42c419704e21dcbe1fadfa3a3970a55b390851890e910598272571fcb1e36"
      },
      "gates": {
        "G0": "PASS",
        "G1": "FAIL",
        "G2": "FAIL",
        "G3_CI": "PENDING",
        "G3_local": "FAIL",
        "P108": "PASS",
        "amendment": "PASS"
      },
      "implementation_commit": null,
      "implementation_record_sha256": null,
      "phase": "P109",
      "qualification": "Conservative class supersets for a generated fixed-rate coupled/reach affine composition basis, with full native selected-extremum witness verification and explicit modeled-inventory coverage downgrades; no global numerical solver/model-error bound, physical completeness, statistical uncertainty or disposal-acceptance conclusion.",
      "quality_checks": {
        "historical_source_verification": false,
        "required_gate_names_present": false,
        "resource_limits_match": true,
        "source_hashes_match": true,
        "workspace_tests_reported_green": true
      },
      "repair_rounds": 1,
      "schema": "actinv-p109-verdict-1",
      "verdict": "P109-FAIL"
    },
    "P110": {
      "ci_evidence_sha256": "6c543f0b2e91aed75651401229f5267f14e8d0fa0f257ae2fcf0c8f695a65adc",
      "evidence_sha256": {
        "g0_p110_composition_solve.json": "b1e291b1bcbe4d860b26f0f61ab989fe0ac0c3318cbde1df49e3d617bf846d2c",
        "g1_p110_composition_solve.json": "9f02e1f81c509b4b25a055cc265404ba4145bf517355edc18f59b3b159074fc0",
        "g2_p110_composition_solve.json": "e3483f8ac21411b4d35b269547f51afd511fcefc1adb9600427b46b738327993",
        "g3_p110_quality.json": "a8e55ab3b51e96335b64594290d549e83a8c948286cd21a983ba39e97f1e3eb1"
      },
      "gates": {
        "G0": "PASS",
        "G1": "PASS",
        "G2": "PASS",
        "G3_CI": "PASS",
        "G3_local": "PASS",
        "P108": "PASS",
        "P109_preserved_FAIL": "PASS",
        "predecessor_amendment": "PASS",
        "repair_amendment": "PASS"
      },
      "implementation_commit": "f31e0f13af2f5ca69b86bc68a46e02bdcbd3f4a3",
      "implementation_record_sha256": "e6ec1d095393074606b2ffcb5bc63b9522483123c646917b6dac08c497e4af7d",
      "phase": "P110",
      "qualification": "Conservative class supersets for a generated fixed-rate coupled/reach affine composition basis, with full native selected-extremum witness verification and explicit modeled-inventory coverage downgrades; no global numerical solver/model-error bound, physical completeness, statistical uncertainty or disposal-acceptance conclusion.",
      "quality_checks": {
        "historical_source_verification": true,
        "required_gate_names_present": true,
        "resource_limits_match": true,
        "source_hashes_match": true,
        "workspace_tests_reported_green": true
      },
      "repair_rounds": 1,
      "schema": "actinv-p110-verdict-1",
      "verdict": "P110-PASS"
    },
    "P111": {
      "ci_evidence_sha256": null,
      "evidence_sha256": {
        "results/g0_p111_intrusion_screen.json": "a89640ce1c7517ad14ea8c047dade510a1645c2fd6eb49d8a5db0aee2b297940",
        "results/g1_p111_intrusion_screen.json": "f23fe8837def36420486e1007799f27d29cff488808c611dc28166b862262c23",
        "results/g2_p111_intrusion_screen.json": "de311b2981ec09f0eea8c05a19a84ac5bc83dd3f46e6596ce075de537837e1fd",
        "results/g3_p111_quality.json": "18caa3dced925f47ba5f3bbe2bdc2935a0d3db838b6137acd221126a80fb309e"
      },
      "gates": {
        "G0": "PASS",
        "G1": "PASS",
        "G2": "PASS",
        "G3_CI": "PENDING",
        "G3_local": "FAIL",
        "prior_dispositions": "PASS",
        "prior_verdicts_preserved": "PASS",
        "protocol": "PASS",
        "repair_policy": "PASS"
      },
      "implementation_commit": null,
      "implementation_record_sha256": null,
      "phase": "P111",
      "qualification": "Nominal whole-container screening against literal February 2026 draft Table 8-5 with explicit conditional presence interpretations and coverage outcomes; no disposal acceptance, intrusion dose, legal compliance, statistical uncertainty or physical inventory completeness qualification.",
      "quality_checks": {
        "fresh_release_reported_green": true,
        "historical_source_verification": false,
        "required_gate_names_present": false,
        "resource_limits_match": true,
        "source_hashes_match": true,
        "workspace_tests_reported_green": true
      },
      "repair_rounds": 1,
      "schema": "actinv-p111-verdict-1",
      "verdict": "P111-FAIL"
    },
    "P112": {
      "ci_evidence_sha256": "20fe05c616515ec635fcab34134acae0bf902db45134af92b8a9cbc0c3d9fe7d",
      "evidence_sha256": {
        "results/g0_p112_intrusion_screen.json": "da06735bacade33eeb543e08300d09efcb5e995e9c9f8b80904cd5f8d9be1906",
        "results/g1_p112_intrusion_screen.json": "1193312d504ef6e21c7be973d79b22c32b85ae619f9b6341b2269885013c61e6",
        "results/g2_p112_intrusion_screen.json": "ff81ceacceac180039884c7c5d53525c4db107bb2cddcbf5d261d12d618538b4",
        "results/g3_p112_quality.json": "332445c7b022744dda5219bbbd8312440470db98f2b803ad6cbf5a8386ab865a"
      },
      "gates": {
        "G0": "PASS",
        "G1": "PASS",
        "G2": "PASS",
        "G3_CI": "PASS",
        "G3_CI_evidence_consistent": "PASS",
        "G3_local": "PASS",
        "prior_verdict_hashes": "PASS",
        "prior_verdicts": "PASS",
        "protocol": "PASS",
        "repair_policy": "PASS",
        "source_controls_bound": "PASS"
      },
      "implementation_commit": "5fc35ac83b360d03c7b0d0056112de61abd62ee0",
      "implementation_record_sha256": "6c7ac49555c8ed383005175fa651413dd262a388e1e28d34813bf2277c84e117",
      "phase": "P112",
      "qualification": "Nominal whole-container screening against literal February 2026 draft Table 8-5 with explicit conditional presence interpretations and coverage outcomes; no disposal acceptance, intrusion dose, legal compliance, statistical uncertainty or physical inventory completeness qualification.",
      "quality_checks": {
        "adopted_gate_count": 18,
        "adopted_gate_entries_match": true,
        "checkpoint_commit": "ff7e42e9f106946e610297d46f9f2b8787813f7e",
        "fresh_gate_count": 10,
        "fresh_gate_entries_green": true,
        "handbook_file_count": 27,
        "historical_source_verification": true,
        "public_handbook_matches_checkpoint": true,
        "quality_sha256": "18caa3dced925f47ba5f3bbe2bdc2935a0d3db838b6137acd221126a80fb309e",
        "release_binary_sha256": "bb73bd5e6d43d33bb14adff1ee7d5393cacb2dd149ca983f29330cd631b6931f",
        "rust_hashes_match_checkpoint_and_worktree": true
      },
      "schema": "actinv-p112-verdict-1",
      "verdict": "P112-PASS"
    }
  },
  "prior_verdict_sha256": {
    "results/p105_verdict.json": "0e2c770096662aaef1a9f4fd4a78d9aa8c71c775e86f1e27924708c84b361b41",
    "results/p107_verdict.json": "5e5bae7ebf1f5c244a84f6e03ffe19c3e148f3678d939bc12a09f26053aea3aa",
    "results/p108_verdict.json": "231071d8f4009294a2eec3ca1029054ec9542d9d1cdc29b12c282fd8d19041ef",
    "results/p109_verdict.json": "b6d370e3e560d0d7f780b0a7bb6344413fee87eb69eab865ac9e5ac58b449398",
    "results/p110_verdict.json": "1a2f7254e22333778c456139f19b231b76c7f2c3232115c1a104b61b2d43503d",
    "results/p111_verdict.json": "35c3b5eb4ef12fcad7e78f90a9103b476cdb51b29cb7974b7ec0a3ddae25579c",
    "results/p112_verdict.json": "b94cdab3a9776d51df74b793b889f80198e8e5f6d9c0af04d7fba671d248e91e"
  },
  "prior_verdicts_match": true,
  "protocol_registered": true,
  "protocol_sha256": "0495157f3e8308d6a28475b94363e24b932f462c10f901518fa1c809a68ebbfa",
  "repair_rounds": 0,
  "request_component_target_counts": [
    4,
    4,
    4,
    4,
    4,
    4,
    4,
    4,
    4,
    4,
    4,
    4,
    4,
    4,
    4,
    4,
    4,
    4,
    2,
    4,
    4,
    4,
    4,
    4,
    4,
    4,
    4,
    4,
    4,
    4,
    4,
    4,
    4,
    4,
    4
  ],
  "request_count": 35,
  "request_ids": [
    "class_a",
    "class_b",
    "class_c",
    "above_class_c",
    "two_table_mixture",
    "short_group",
    "metal_c14",
    "metal_ni59",
    "metal_ni63",
    "metal_nb94",
    "mass_normalized_alpha",
    "alpha_group",
    "density_geometry",
    "volume_geometry",
    "external_h3_once",
    "required_h3",
    "missing_metadata",
    "empty_inventory",
    "unassigned_cell",
    "boundary_below",
    "boundary_equal",
    "boundary_above",
    "mixture_boundary_below",
    "mixture_boundary_equal",
    "mixture_boundary_above",
    "assay_baseline",
    "scalar_assay",
    "mixture_assay",
    "propagated_assay",
    "dose_assay",
    "repeat_deterministic",
    "uniform_split_reference",
    "unequal_cell_split_equivalent",
    "single_cell_unsplit_equivalent",
    "selected_step_reordering"
  ],
  "schema": "actinv-p113-twin-waste-g0-1"
}
