Running as unit: run-p978008-i9368810.scope; invocation ID: bf6842624fd74ffa81c19220d7923e85
{
  "argv": [
    "python3",
    "controls/check_p107_history.py"
  ],
  "child_exit_code": 0,
  "cwd": ".",
  "error": null,
  "gate": "historical_p107_replay",
  "log_path": "target/p115-historical_p107_replay.log",
  "log_sha256": "e0be01d08c791e4d9b4baed6b5299cecf687776088a2e4d012814bb2cab3678e",
  "phase": "P115",
  "resources": {
    "cgroup_limits": {
      "cpu.max": "200000 100000",
      "memory.max": "6442450944",
      "memory.swap.max": "0",
      "pids.max": "128"
    },
    "cgroup_path": "/user.slice/user-1000.slice/user@1000.service/app.slice/run-p978008-i9368810.scope",
    "environment": {
      "CARGO_BUILD_JOBS": "1",
      "RAYON_NUM_THREADS": "2",
      "RUST_TEST_THREADS": "1"
    },
    "platform": "linux",
    "tmpdir": {
      "filesystem": "ext4",
      "mount_point": "/",
      "path": "target/preflight-tmp"
    }
  },
  "schema": "actinv-roadmap-gate-receipt-1",
  "status": "completed",
  "timeout_s": 600.0
}
