Running as unit: run-p980094-i9384276.scope; invocation ID: f6c6c08fe52548c883e51fa2de93ab35
{
  "argv": [
    "python3",
    "controls/test_p114_history.py"
  ],
  "child_exit_code": 0,
  "cwd": ".",
  "error": null,
  "gate": "p114_history_regressions",
  "log_path": "target/p115-p114_history_regressions.log",
  "log_sha256": "fc8984727ff10053d4dd221da9693d4c18b21f72fa8584061f07fdec8aedba43",
  "phase": "P115",
  "resources": {
    "cgroup_limits": {
      "cpu.max": "200000 100000",
      "memory.max": "6442450944",
      "memory.swap.max": "0",
      "pids.max": "128"
    },
    "cgroup_path": "/user.slice/user-1000.slice/user@1000.service/app.slice/run-p980094-i9384276.scope",
    "environment": {
      "CARGO_BUILD_JOBS": "1",
      "RAYON_NUM_THREADS": "2",
      "RUST_TEST_THREADS": "1"
    },
    "platform": "linux",
    "tmpdir": {
      "filesystem": "ext4",
      "mount_point": "/",
      "path": "target/preflight-tmp"
    }
  },
  "schema": "actinv-roadmap-gate-receipt-1",
  "status": "completed",
  "timeout_s": 600.0
}
