Running as unit: run-p977990-i9384019.scope; invocation ID: 17980f21954f4456816949b68b407914
{
  "argv": [
    "python3",
    "controls/test_p105_children.py"
  ],
  "child_exit_code": 0,
  "cwd": ".",
  "error": null,
  "gate": "p105_child_lifecycle_regressions",
  "log_path": "target/p115-p105_child_lifecycle_regressions.log",
  "log_sha256": "18cafbb75e4e3218355bdf79f2b5b69eab6909705d9f7f81c5108f8442921942",
  "phase": "P115",
  "resources": {
    "cgroup_limits": {
      "cpu.max": "200000 100000",
      "memory.max": "6442450944",
      "memory.swap.max": "0",
      "pids.max": "128"
    },
    "cgroup_path": "/user.slice/user-1000.slice/user@1000.service/app.slice/run-p977990-i9384019.scope",
    "environment": {
      "CARGO_BUILD_JOBS": "1",
      "RAYON_NUM_THREADS": "2",
      "RUST_TEST_THREADS": "1"
    },
    "platform": "linux",
    "tmpdir": {
      "filesystem": "ext4",
      "mount_point": "/",
      "path": "target/preflight-tmp"
    }
  },
  "schema": "actinv-roadmap-gate-receipt-1",
  "status": "completed",
  "timeout_s": 600.0
}
