Running as unit: run-p982370-i9380711.scope; invocation ID: 48b30b1cd4c746e8ae79a3de079ce09c
{
  "argv": [
    "python3",
    "controls/check_p114_history.py"
  ],
  "child_exit_code": 0,
  "cwd": ".",
  "error": null,
  "gate": "historical_p114_replay",
  "log_path": "target/p115-historical_p114_replay.log",
  "log_sha256": "4c19ee7f1495e8ee509d24511bbdea1a7bb65573c9f15443b742dc56af999d6b",
  "phase": "P115",
  "resources": {
    "cgroup_limits": {
      "cpu.max": "200000 100000",
      "memory.max": "6442450944",
      "memory.swap.max": "0",
      "pids.max": "128"
    },
    "cgroup_path": "/user.slice/user-1000.slice/user@1000.service/app.slice/run-p982370-i9380711.scope",
    "environment": {
      "CARGO_BUILD_JOBS": "1",
      "RAYON_NUM_THREADS": "2",
      "RUST_TEST_THREADS": "1"
    },
    "platform": "linux",
    "tmpdir": {
      "filesystem": "ext4",
      "mount_point": "/",
      "path": "target/preflight-tmp"
    }
  },
  "schema": "actinv-roadmap-gate-receipt-1",
  "status": "completed",
  "timeout_s": 600.0
}
