Running as unit: run-p975891-i9357122.scope; invocation ID: ae5554ea2b59456ca4698f7ad8ddf5d2
{
  "argv": [
    "cargo",
    "fmt",
    "--all",
    "--",
    "--check"
  ],
  "child_exit_code": 0,
  "cwd": ".",
  "error": null,
  "gate": "rust_fmt",
  "log_path": "target/p115-rust_fmt.log",
  "log_sha256": "d089e3fd1b6af72738fef9c8184fde8091a1e32d01cca07029facb83bbf17ea1",
  "phase": "P115",
  "resources": {
    "cgroup_limits": {
      "cpu.max": "200000 100000",
      "memory.max": "6442450944",
      "memory.swap.max": "0",
      "pids.max": "128"
    },
    "cgroup_path": "/user.slice/user-1000.slice/user@1000.service/app.slice/run-p975891-i9357122.scope",
    "environment": {
      "CARGO_BUILD_JOBS": "1",
      "RAYON_NUM_THREADS": "2",
      "RUST_TEST_THREADS": "1"
    },
    "platform": "linux",
    "tmpdir": {
      "filesystem": "ext4",
      "mount_point": "/",
      "path": "target/preflight-tmp"
    }
  },
  "schema": "actinv-roadmap-gate-receipt-1",
  "status": "completed",
  "timeout_s": 1200.0
}
