.........
----------------------------------------------------------------------
Ran 9 tests in 0.013s

OK
......
----------------------------------------------------------------------
Ran 6 tests in 0.009s

OK
{
  "abundance_mass_pinned": true,
  "abundance_mass_sha256": "285b38a823dcee398a1dcab798c3b5a17d6b7ae5817edc663ed502314367a87b",
  "case_count": 9,
  "case_fixture_contract": {
    "case_checks": {
      "caller_incomplete": true,
      "high_fixed_volume_7": true,
      "low_fixed_external_h3": true,
      "missing_fe58_target": true,
      "missing_nb94_decay": true,
      "ranged_volume_1": true,
      "ranged_volume_point_1": true,
      "required_external_h3": true,
      "zero_response_reference": true
    },
    "fixture_header": true,
    "h3_box": true,
    "native_data_population": true,
    "pass": true
  },
  "case_fixture_matches": true,
  "control_hashes": {
    "controls/check_p105.py": "fad7a5e78f3f4b29941a3f4c340f875f5a31095ba429fa6c7857a47084810ef1",
    "controls/check_p107.py": "c472ac563bc7e8d8873473b30360f13a670874178cf957e2393cfe15d645667c",
    "controls/check_p108.py": "349e957ef1382aa435cccbe7c3e85ee9a596240546dd4f6246756237d0a9ca6a",
    "controls/check_p108_verdict.py": "731d3585724b6df9a0d26b67eda58f218b121452d7ce4f23e16909406a337928",
    "controls/check_p109.py": "708c562fd89fec95852e9fd21af00108b282bbf05ebd35b25037710cd6304aed",
    "controls/check_p109_history.py": "1d62c163bcb33f8fd28fa7e19a3144bedc334b0b3d34fc87f7d5977adfd64133",
    "controls/check_p109_verdict.py": "0882ac5946f6b7b7c63d793fce4d2a8523298a4533aa0560f982af4f51f605dd",
    "controls/check_p110.py": "3df5c10164f20c018c97b05dc46f167fe480e91102a2e906c072e46c701f4698",
    "controls/check_p110_verdict.py": "374ac019c406451fc08334984e3a1b8918f4d0d6c9d81eed9f2de0128b76d235",
    "controls/fixtures/p110/cases.json": "13954344a38ce2daf1f48b8626dceb5d09d5cf7e7d548a16d7a13d00810a91d2",
    "controls/p105_budget_control.py": "b9b69dc424a37d45b41b165276884c3d032d32ea968e3fd0f4c85add653c41bb",
    "controls/p106_bounds_control.py": "b50425a970a5776cb65f603d1c0aa452c564441be14f7ce5110eb6092c56f142",
    "controls/p108_composition_control.py": "72b5196afecd9d94f92bb4e81b8ddbb3f24ca6af6cf6a8f52a4a51e7eb1c5852",
    "controls/p109_composition_solve_control.py": "75e913aafd625e3a64b096e270ec5c06c38147eb4adf1d0dfb8e099c415d1c10",
    "controls/p109_native_identity.py": "5f5b1561baed3f610b5ac04299e72e09f6c475f85dfd93711f244b77e1b48f52",
    "controls/p110_composition_solve_control.py": "98f8dccb1d68cab052b7921e8fb98e23c752d4086ac01309026f43da49e673d5",
    "controls/p110_native_identity.py": "8c8d42c5705f1c285acc6bd0cbd182b98fcb59f49ef0153a660a9396df74295e",
    "controls/test_p109_history.py": "c3ad168cdb20d214f9ea63a28ea141056dcc53a718a7ffdcad6aca57c9ef2eb1",
    "controls/test_p109_native_identity.py": "895899ae402c2f323e7c9707328cabc4bced26c876956dd65966c7379d3d0548",
    "controls/test_p109_seal.py": "16c9d3695d138b40f17b018336cc6180b64cdc94e2c367176c2b33a36904ea77",
    "controls/test_p110_native_identity.py": "dc6bea5f6cdfe40d814a5a10ed7e847f6c3d59ab3abd7e0ee2e576baf2df9b48",
    "controls/test_p110_seal.py": "62bc441b7ec94aefcb41d8d62d707a13bf19ca46641d6e52e7d10f659a3d7b64",
    "results/tables/abundance_mass.json": "285b38a823dcee398a1dcab798c3b5a17d6b7ae5817edc663ed502314367a87b"
  },
  "endpoint_count": 36,
  "expected_labels": {
    "expected": {
      "caller_incomplete": [
        "unknown",
        "unknown"
      ],
      "high_fixed_volume_7": [
        "A",
        "A"
      ],
      "low_fixed_external_h3": [
        "A",
        "B"
      ],
      "missing_fe58_target": [
        "unknown",
        "unknown"
      ],
      "missing_nb94_decay": [
        "unknown",
        "unknown"
      ],
      "ranged_volume_1": [
        "A",
        "C"
      ],
      "ranged_volume_point_1": [
        "C",
        "above_class_c"
      ],
      "required_external_h3": [
        "unknown",
        "unknown"
      ],
      "zero_response_reference": [
        "A",
        "A"
      ]
    },
    "labels": [
      {
        "id": "ranged_volume_1",
        "lower_class": "A",
        "upper_class": "C"
      },
      {
        "id": "high_fixed_volume_7",
        "lower_class": "A",
        "upper_class": "A"
      },
      {
        "id": "ranged_volume_point_1",
        "lower_class": "C",
        "upper_class": "above_class_c"
      },
      {
        "id": "low_fixed_external_h3",
        "lower_class": "A",
        "upper_class": "B"
      },
      {
        "id": "required_external_h3",
        "lower_class": "unknown",
        "upper_class": "unknown"
      },
      {
        "id": "caller_incomplete",
        "lower_class": "unknown",
        "upper_class": "unknown"
      },
      {
        "id": "missing_fe58_target",
        "lower_class": "unknown",
        "upper_class": "unknown"
      },
      {
        "id": "missing_nb94_decay",
        "lower_class": "unknown",
        "upper_class": "unknown"
      },
      {
        "id": "zero_response_reference",
        "lower_class": "A",
        "upper_class": "A"
      }
    ],
    "pass": true
  },
  "generated": {
    "base_specs": {
      "complete": {
        "path": "target/p110-controls/base_run.complete.json",
        "sha256": "95dc5b1a83caaa13a6e30be7b1f5ddb5f05cfa287e1e6a14ac1462abf0477e48"
      },
      "omit_fe58_target": {
        "path": "target/p110-controls/base_run.omit_fe58_target.json",
        "sha256": "94f83f33777c9b542c26efddd7975b01227b78570a8e7b1e93f04995845a0a5a"
      },
      "omit_nb94_decay": {
        "path": "target/p110-controls/base_run.omit_nb94_decay.json",
        "sha256": "3e5b654e03432c1dcb6ecbda957cfa949306c3a6d26b0295e8d816871155c340"
      }
    },
    "complete": {
      "decay_record_count": 12,
      "paths": {
        "decay": "target/p110-controls/decay.endf",
        "index": "target/p110-controls/native_index.json",
        "library": "target/p110-controls/native.npz"
      },
      "row_count": 11,
      "sha256": {
        "decay": "e9699647fab6e4edd2efb378ae5607bc45a7d27702e68433f07a5de240929434",
        "index": "d825352a54d9e99cebec18f33155918412c2876526988487bac759e83ef4592d",
        "library": "99c312c293829cfec2f33188464ed4e962207f0689c5a861455a04cc421e5500"
      },
      "target_count": 10
    },
    "omit_fe58_target": {
      "decay_record_count": 12,
      "paths": {
        "decay": "target/p110-controls/decay.omit_fe58.endf",
        "index": "target/p110-controls/native.omit_fe58_index.json",
        "library": "target/p110-controls/native.omit_fe58.npz"
      },
      "row_count": 10,
      "sha256": {
        "decay": "e9699647fab6e4edd2efb378ae5607bc45a7d27702e68433f07a5de240929434",
        "index": "c1e17c7e2688943b8de13097f9e018c4026ddfe53649f49b0efe88c1791e9acf",
        "library": "47f3fb3e3570c4f67f7bc9ba541c02c0d6fd5128aa00825d3484a02a15cdd929"
      },
      "target_count": 9
    },
    "omit_nb94_decay": {
      "decay_record_count": 11,
      "paths": {
        "decay": "target/p110-controls/decay.omit_nb94_decay.endf",
        "index": "target/p110-controls/native.omit_nb94_decay_index.json",
        "library": "target/p110-controls/native.omit_nb94_decay.npz"
      },
      "row_count": 11,
      "sha256": {
        "decay": "04795215b9b232acdf63ce48d27bc21b6def0258adc52c5e7cea44e6da81ea5a",
        "index": "d825352a54d9e99cebec18f33155918412c2876526988487bac759e83ef4592d",
        "library": "99c312c293829cfec2f33188464ed4e962207f0689c5a861455a04cc421e5500"
      },
      "target_count": 10
    }
  },
  "generated_sha256": {
    "target/p110-controls/base_run.complete.json": "95dc5b1a83caaa13a6e30be7b1f5ddb5f05cfa287e1e6a14ac1462abf0477e48",
    "target/p110-controls/base_run.omit_fe58_target.json": "94f83f33777c9b542c26efddd7975b01227b78570a8e7b1e93f04995845a0a5a",
    "target/p110-controls/base_run.omit_nb94_decay.json": "3e5b654e03432c1dcb6ecbda957cfa949306c3a6d26b0295e8d816871155c340",
    "target/p110-controls/decay.endf": "e9699647fab6e4edd2efb378ae5607bc45a7d27702e68433f07a5de240929434",
    "target/p110-controls/decay.omit_fe58.endf": "e9699647fab6e4edd2efb378ae5607bc45a7d27702e68433f07a5de240929434",
    "target/p110-controls/decay.omit_nb94_decay.endf": "04795215b9b232acdf63ce48d27bc21b6def0258adc52c5e7cea44e6da81ea5a",
    "target/p110-controls/native.npz": "99c312c293829cfec2f33188464ed4e962207f0689c5a861455a04cc421e5500",
    "target/p110-controls/native.omit_fe58.npz": "47f3fb3e3570c4f67f7bc9ba541c02c0d6fd5128aa00825d3484a02a15cdd929",
    "target/p110-controls/native.omit_fe58_index.json": "c1e17c7e2688943b8de13097f9e018c4026ddfe53649f49b0efe88c1791e9acf",
    "target/p110-controls/native.omit_nb94_decay.npz": "99c312c293829cfec2f33188464ed4e962207f0689c5a861455a04cc421e5500",
    "target/p110-controls/native.omit_nb94_decay_index.json": "d825352a54d9e99cebec18f33155918412c2876526988487bac759e83ef4592d",
    "target/p110-controls/native_index.json": "d825352a54d9e99cebec18f33155918412c2876526988487bac759e83ef4592d"
  },
  "historical_p108_verified": true,
  "historical_p109_evidence": {
    "artifact_blobs_verified": true,
    "checkpoint_commit": "495d6bf99248d3b99af43ca82894631c3e6b8c87",
    "derived_verdict": "P109-FAIL",
    "derived_verdict_matches_persisted": true,
    "expected_artifact_sha256": {
      "results/g0_p109_composition_solve.json": "cad2351bf53e7f0165c6a899bcd8b97ba302d73effbb3e52bd220dcf598c1c09",
      "results/g1_p109_composition_solve.json": "a74fc950793785af5fa667eca793aca5934fc54ab366435004f88093b2451986",
      "results/g3_p109_quality.json": "d7b42c419704e21dcbe1fadfa3a3970a55b390851890e910598272571fcb1e36",
      "results/p109_verdict.json": "b6d370e3e560d0d7f780b0a7bb6344413fee87eb69eab865ac9e5ac58b449398"
    },
    "g2_absent": true,
    "historical_source_verification": false,
    "pass": true,
    "persisted_verdict_sha256": "b6d370e3e560d0d7f780b0a7bb6344413fee87eb69eab865ac9e5ac58b449398",
    "rust_source_count": 97,
    "rust_sources_materialized": true
  },
  "historical_p109_verified": true,
  "p109_amendment_registered": true,
  "p109_amendment_sha256": "0778cb569a3ce347fc271a182477fe05b66955ffdc37571a271aba64dbb4bf3c",
  "p109_format_failure_log_matches": true,
  "p109_format_failure_log_sha256": "0a9ee2fb99edbbcd617c3db2763bf981948c4fc48d20f76f4c02052f12b00c10",
  "pack_mirror_identical": true,
  "pack_sha256": "890268af81a53815b8e11c238e4a1694eabb79664a1ca087fd7fe22b9fabe5d7",
  "pass": true,
  "persisted_seal_matches": true,
  "phase": "P110",
  "predecessor_p109_fail_sha256": "b6d370e3e560d0d7f780b0a7bb6344413fee87eb69eab865ac9e5ac58b449398",
  "protocol_registered": true,
  "protocol_sha256": "8ad8870d42d30f3f8c330021b15e7f4f570032deba1ee5b79f57b9411e40e7f9",
  "repair_amendment_registered": true,
  "repair_amendment_sha256": "a240a0e1b7e194f8d548beb7d7a7f694e6089a9e53a052659a03f77374b6aa10",
  "repair_evidence_matches": true,
  "repair_evidence_sha256": {
    "results/g0_p110_before_amendment.json": "8b8796f2724ba6f6c4c8dcadda41c1f0fc6171165b6f963b35ebfd60d9276dc2",
    "results/p110_child_invocation_failure.log": "428c56482e8a59a74d33dacbd734a3c7444f373a44c2e5151ab294136b279466",
    "results/p110_control_failure.log": "70fa3b77bc9fa70fc4859b2babee1cd94d5e339e3e17533945e016592c768139",
    "results/p110_initial_oracle_diagnostic.log": "d982f22213590625260244389211db73157525701551a26d33d7236089e6a03f",
    "results/p110_oracle_before_amendment.py": "36b442caa1cd19c8eec14797f9b117d091bfb123fb7786dd7932145cd7a1f12c"
  },
  "repair_rounds": 1,
  "schema": "actinv-p110-composition-solve-g0-1",
  "synthetic_artifact_review": {
    "failures": [],
    "pass": true,
    "variants": {
      "complete": {
        "decay_sections": [
          2601,
          2602,
          2603,
          2604,
          1401,
          1402,
          1403,
          4101,
          4102,
          4201,
          1001,
          2001
        ],
        "decay_sha256": "e9699647fab6e4edd2efb378ae5607bc45a7d27702e68433f07a5de240929434",
        "index_sha256": "d825352a54d9e99cebec18f33155918412c2876526988487bac759e83ef4592d",
        "library_sha256": "99c312c293829cfec2f33188464ed4e962207f0689c5a861455a04cc421e5500",
        "row_count": 11,
        "target_mats": [
          2601,
          2602,
          2603,
          2604,
          1401,
          1402,
          1403,
          4101,
          4102,
          4201
        ]
      },
      "omit_fe58_target": {
        "decay_sections": [
          2601,
          2602,
          2603,
          2604,
          1401,
          1402,
          1403,
          4101,
          4102,
          4201,
          1001,
          2001
        ],
        "decay_sha256": "e9699647fab6e4edd2efb378ae5607bc45a7d27702e68433f07a5de240929434",
        "index_sha256": "c1e17c7e2688943b8de13097f9e018c4026ddfe53649f49b0efe88c1791e9acf",
        "library_sha256": "47f3fb3e3570c4f67f7bc9ba541c02c0d6fd5128aa00825d3484a02a15cdd929",
        "row_count": 10,
        "target_mats": [
          2601,
          2602,
          2603,
          1401,
          1402,
          1403,
          4101,
          4102,
          4201
        ]
      },
      "omit_nb94_decay": {
        "decay_sections": [
          2601,
          2602,
          2603,
          2604,
          1401,
          1402,
          1403,
          4101,
          4201,
          1001,
          2001
        ],
        "decay_sha256": "04795215b9b232acdf63ce48d27bc21b6def0258adc52c5e7cea44e6da81ea5a",
        "index_sha256": "d825352a54d9e99cebec18f33155918412c2876526988487bac759e83ef4592d",
        "library_sha256": "99c312c293829cfec2f33188464ed4e962207f0689c5a861455a04cc421e5500",
        "row_count": 11,
        "target_mats": [
          2601,
          2602,
          2603,
          2604,
          1401,
          1402,
          1403,
          4101,
          4102,
          4201
        ]
      }
    }
  },
  "target_count": 18
}
{
  "case_count": 9,
  "case_evidence": [
    {
      "basis_solve_count": 3,
      "full_witness_solve_count": 2,
      "generated_response_input_sha256": "88874ea868b8d0c174c9b818a528be4dc920494b3c683e5c9fcddf1c998ae197",
      "id": "ranged_volume_1",
      "input_sha256": "f2ddbe12697404df891e57827fb6df8a56cfe87d7e828d365bb3feb5d8859628",
      "maximum_activity_l1_error_bq_per_g": 9.094947017729282e-13,
      "maximum_atom_l1_error_per_g": 8208384.000001907,
      "output_sha256": "9083a3e6031734ca77c02e47618840307def1e22fe1b7a2a67bf33b19ed9dca5",
      "selected_steps": [
        {
          "class_envelope": [
            "A",
            "B",
            "C"
          ],
          "lower_class": "A",
          "step": 1,
          "upper_class": "C"
        },
        {
          "class_envelope": [
            "A",
            "B",
            "C"
          ],
          "lower_class": "A",
          "step": 2,
          "upper_class": "C"
        }
      ]
    },
    {
      "basis_solve_count": 3,
      "full_witness_solve_count": 1,
      "generated_response_input_sha256": "37d62d08bd9ae745fddd9e9658a34cff443203674347a34300375d41523db72d",
      "id": "high_fixed_volume_7",
      "input_sha256": "0e5ce1885ad4cbbc7f36c077c17bd79ba779797401dcd48066e4aac78165eb88",
      "maximum_activity_l1_error_bq_per_g": 9.094947017729282e-13,
      "maximum_atom_l1_error_per_g": 8208384.000001907,
      "output_sha256": "728fb2a94ca61f5ceec506f4aa4ce8b52298a5c5d75ff4e7e6f439f6144a810a",
      "selected_steps": [
        {
          "class_envelope": [
            "A"
          ],
          "lower_class": "A",
          "step": 1,
          "upper_class": "A"
        },
        {
          "class_envelope": [
            "A"
          ],
          "lower_class": "A",
          "step": 2,
          "upper_class": "A"
        }
      ]
    },
    {
      "basis_solve_count": 3,
      "full_witness_solve_count": 2,
      "generated_response_input_sha256": "7dbd32135204442f0b4ff0dca5aef90cdfe3201dded601e47b62223e4e931c28",
      "id": "ranged_volume_point_1",
      "input_sha256": "89d2de0f8f72fb180c19da27d8adb2bf8da39734a708effbeb0f85bb89cf68af",
      "maximum_activity_l1_error_bq_per_g": 9.094947017729282e-13,
      "maximum_atom_l1_error_per_g": 8208384.000001907,
      "output_sha256": "6f4de67a65d63f1b25fd951ff774f333d77a250a2d14f3f15e0959f5eebad074",
      "selected_steps": [
        {
          "class_envelope": [
            "C",
            "above_class_c"
          ],
          "lower_class": "C",
          "step": 1,
          "upper_class": "above_class_c"
        },
        {
          "class_envelope": [
            "C",
            "above_class_c"
          ],
          "lower_class": "C",
          "step": 2,
          "upper_class": "above_class_c"
        }
      ]
    },
    {
      "basis_solve_count": 3,
      "full_witness_solve_count": 1,
      "generated_response_input_sha256": "e9e008d05113d5095f698d83ca076de9acc47e95c8d3c015fe4b54e9294438f3",
      "id": "low_fixed_external_h3",
      "input_sha256": "fd93f159e1e1ea37864dc9c5add91d45254a9e06e7fe4b7ea727c40663c833a6",
      "maximum_activity_l1_error_bq_per_g": 6.821210263296962e-13,
      "maximum_atom_l1_error_per_g": 4038656.0937508345,
      "output_sha256": "dc2636b2266e8c483c15f65020e3d967028275aeafb4962a7894cf8ceb513423",
      "selected_steps": [
        {
          "class_envelope": [
            "A",
            "B"
          ],
          "lower_class": "A",
          "step": 1,
          "upper_class": "B"
        },
        {
          "class_envelope": [
            "A",
            "B"
          ],
          "lower_class": "A",
          "step": 2,
          "upper_class": "B"
        }
      ]
    },
    {
      "basis_solve_count": 3,
      "full_witness_solve_count": 2,
      "generated_response_input_sha256": "487b1c82e5138d38712ca945f7c3c0a62cd97a312d80e3bff36fc4fcc9b3f0be",
      "id": "required_external_h3",
      "input_sha256": "c55715c7c48f126ba03c9edbe7a29afc6d1f023d7af35698ec617498d09df153",
      "maximum_activity_l1_error_bq_per_g": 9.094947017729282e-13,
      "maximum_atom_l1_error_per_g": 8208384.000001907,
      "output_sha256": "2a6ba453b58e6a9284f7f4b6535e4c4136a616a1db841c749ab39454b5b29a3f",
      "selected_steps": [
        {
          "class_envelope": [
            "unknown"
          ],
          "lower_class": "unknown",
          "step": 1,
          "upper_class": "unknown"
        },
        {
          "class_envelope": [
            "unknown"
          ],
          "lower_class": "unknown",
          "step": 2,
          "upper_class": "unknown"
        }
      ]
    },
    {
      "basis_solve_count": 3,
      "full_witness_solve_count": 2,
      "generated_response_input_sha256": "4bac6c8ebf29a8d97a474b4af2cae6fea30e33918f909fbf6bc0e7c51d416225",
      "id": "caller_incomplete",
      "input_sha256": "595f4964a5026a114db97ddbc3ca1a91a111a3f5441574318f2ebec1334b95be",
      "maximum_activity_l1_error_bq_per_g": 9.094947017729282e-13,
      "maximum_atom_l1_error_per_g": 8208384.000001907,
      "output_sha256": "d409ecff40d5e312adb59144199d3874ddaefb2f0b49f178ce3746b674b54bc0",
      "selected_steps": [
        {
          "class_envelope": [
            "unknown"
          ],
          "lower_class": "unknown",
          "step": 1,
          "upper_class": "unknown"
        },
        {
          "class_envelope": [
            "unknown"
          ],
          "lower_class": "unknown",
          "step": 2,
          "upper_class": "unknown"
        }
      ]
    },
    {
      "basis_solve_count": 3,
      "full_witness_solve_count": 2,
      "generated_response_input_sha256": "f904caaa2b5def5120e87f752ba18d48f6523656efc83a595c363b8e0047c72a",
      "id": "missing_fe58_target",
      "input_sha256": "96c27d172416e09388e050194886e29401da86e86f664fc58c107221e0b31038",
      "maximum_activity_l1_error_bq_per_g": 9.094947017729282e-13,
      "maximum_atom_l1_error_per_g": 8208384.000001907,
      "output_sha256": "27ffda3eeab6035149542da0d93aa8a941435dcdc7d4fe7ff567dcc8231c6a04",
      "selected_steps": [
        {
          "class_envelope": [
            "unknown"
          ],
          "lower_class": "unknown",
          "step": 1,
          "upper_class": "unknown"
        },
        {
          "class_envelope": [
            "unknown"
          ],
          "lower_class": "unknown",
          "step": 2,
          "upper_class": "unknown"
        }
      ]
    },
    {
      "basis_solve_count": 3,
      "full_witness_solve_count": 1,
      "generated_response_input_sha256": "79ff437e4be011c011ad2771b82378194908b39e389e05aafd554312e3056a17",
      "id": "missing_nb94_decay",
      "input_sha256": "9bf174fe530d7b1723f248e9bd686570979bbc7bd1073132d4c43af4cb2d3733",
      "maximum_activity_l1_error_bq_per_g": -0.0,
      "maximum_atom_l1_error_per_g": 5963776.0,
      "output_sha256": "3066f8f27b8636dc3df7cd3044cc86af4309d2ab716f3194c5d0ad7c916c31b0",
      "selected_steps": [
        {
          "class_envelope": [
            "unknown"
          ],
          "lower_class": "unknown",
          "step": 1,
          "upper_class": "unknown"
        },
        {
          "class_envelope": [
            "unknown"
          ],
          "lower_class": "unknown",
          "step": 2,
          "upper_class": "unknown"
        }
      ]
    },
    {
      "basis_solve_count": 2,
      "full_witness_solve_count": 1,
      "generated_response_input_sha256": "fc95c78674e314e14e5401c2b3f42395a013262b7ced88a499bc743426e6e9bf",
      "id": "zero_response_reference",
      "input_sha256": "f3c65497fa231a404f0bc34b9833e92782344fcb0de64c56c5a3297feed11367",
      "maximum_activity_l1_error_bq_per_g": -0.0,
      "maximum_atom_l1_error_per_g": 0.0,
      "output_sha256": "5018aad05d3e8ecb5abcf18f5ee3d76bd2d53ca9117d213acda27b9c3f1ab13e",
      "selected_steps": [
        {
          "class_envelope": [
            "A"
          ],
          "lower_class": "A",
          "step": 1,
          "upper_class": "A"
        },
        {
          "class_envelope": [
            "A"
          ],
          "lower_class": "A",
          "step": 2,
          "upper_class": "A"
        }
      ]
    }
  ],
  "endpoint_count": 36,
  "failures": [],
  "independent_comparison_count": 9,
  "mutations_rejected": {
    "ranged_volume_1:basis_activity": true,
    "ranged_volume_1:basis_atoms": true,
    "ranged_volume_1:basis_duplicate_element": true,
    "ranged_volume_1:basis_duplicate_step": true,
    "ranged_volume_1:basis_missing_step": true,
    "ranged_volume_1:basis_step": true,
    "ranged_volume_1:class_envelope": true,
    "ranged_volume_1:component_id": true,
    "ranged_volume_1:generated_input_sha": true,
    "ranged_volume_1:native_pass": true,
    "ranged_volume_1:outer_input_sha": true,
    "ranged_volume_1:outer_schema": true,
    "ranged_volume_1:projection_lower": true,
    "ranged_volume_1:projection_upper": true,
    "ranged_volume_1:projection_witness": true,
    "ranged_volume_1:rules_sha": true,
    "ranged_volume_1:target_time": true,
    "ranged_volume_1:weight_bounds": true,
    "ranged_volume_1:witness_activity": true,
    "ranged_volume_1:witness_atoms": true,
    "ranged_volume_1:witness_class": true,
    "ranged_volume_1:witness_count": true,
    "ranged_volume_1:witness_pass": true
  },
  "pass": true,
  "persisted_result_matches": true,
  "phase": "P110",
  "protocol_sha256": "8ad8870d42d30f3f8c330021b15e7f4f570032deba1ee5b79f57b9411e40e7f9",
  "refusal_controls": {
    "checks": {
      "absent_target": true,
      "bad_external": true,
      "blank_assumptions": true,
      "blank_source": true,
      "both_geometries": true,
      "complete_with_reason": true,
      "duplicate_bound_coordinate": true,
      "duplicate_component_id": true,
      "duplicate_component_mass": true,
      "duplicate_embedded_base_spec_key": true,
      "duplicate_external_key": true,
      "duplicate_outer_key": true,
      "duplicate_path_base_spec_key": true,
      "duplicate_target": true,
      "empty_bounds": true,
      "empty_component_id": true,
      "infeasible_sum": true,
      "malformed_bounds": true,
      "missing_external_step": true,
      "missing_reason": true,
      "negative_h3": true,
      "negative_mass": true,
      "negative_weight": true,
      "noncanonical_external_step": true,
      "null_volume": true,
      "reversed_weight": true,
      "too_many_components": true,
      "unknown_element": true,
      "unknown_waste_type": true,
      "unsupported_component_key": true,
      "unsupported_cram_order": true,
      "unsupported_damage": true,
      "unsupported_gas": true,
      "unsupported_screen": true,
      "unsupported_top_key": true,
      "unsupported_uncertainty": true,
      "wrong_base_spec": true,
      "wrong_projectile": true,
      "wrong_rules": true,
      "wrong_schema": true,
      "zero_density": true,
      "zero_mass": true,
      "zero_target": true
    },
    "pass": true
  },
  "repeat_byte_identical": true,
  "schema": "actinv-p110-composition-solve-g1-1",
  "target_count": 18
}
{
  "case_count": 9,
  "case_evidence": [
    {
      "basis_solve_count": 3,
      "full_witness_solve_count": 2,
      "generated_response_input_sha256": "88874ea868b8d0c174c9b818a528be4dc920494b3c683e5c9fcddf1c998ae197",
      "id": "ranged_volume_1",
      "input_sha256": "f2ddbe12697404df891e57827fb6df8a56cfe87d7e828d365bb3feb5d8859628",
      "maximum_activity_l1_error_bq_per_g": 9.094947017729282e-13,
      "maximum_atom_l1_error_per_g": 8208384.000001907,
      "output_sha256": "9083a3e6031734ca77c02e47618840307def1e22fe1b7a2a67bf33b19ed9dca5",
      "selected_steps": [
        {
          "class_envelope": [
            "A",
            "B",
            "C"
          ],
          "lower_class": "A",
          "step": 1,
          "upper_class": "C"
        },
        {
          "class_envelope": [
            "A",
            "B",
            "C"
          ],
          "lower_class": "A",
          "step": 2,
          "upper_class": "C"
        }
      ]
    },
    {
      "basis_solve_count": 3,
      "full_witness_solve_count": 1,
      "generated_response_input_sha256": "37d62d08bd9ae745fddd9e9658a34cff443203674347a34300375d41523db72d",
      "id": "high_fixed_volume_7",
      "input_sha256": "0e5ce1885ad4cbbc7f36c077c17bd79ba779797401dcd48066e4aac78165eb88",
      "maximum_activity_l1_error_bq_per_g": 9.094947017729282e-13,
      "maximum_atom_l1_error_per_g": 8208384.000001907,
      "output_sha256": "728fb2a94ca61f5ceec506f4aa4ce8b52298a5c5d75ff4e7e6f439f6144a810a",
      "selected_steps": [
        {
          "class_envelope": [
            "A"
          ],
          "lower_class": "A",
          "step": 1,
          "upper_class": "A"
        },
        {
          "class_envelope": [
            "A"
          ],
          "lower_class": "A",
          "step": 2,
          "upper_class": "A"
        }
      ]
    },
    {
      "basis_solve_count": 3,
      "full_witness_solve_count": 2,
      "generated_response_input_sha256": "7dbd32135204442f0b4ff0dca5aef90cdfe3201dded601e47b62223e4e931c28",
      "id": "ranged_volume_point_1",
      "input_sha256": "89d2de0f8f72fb180c19da27d8adb2bf8da39734a708effbeb0f85bb89cf68af",
      "maximum_activity_l1_error_bq_per_g": 9.094947017729282e-13,
      "maximum_atom_l1_error_per_g": 8208384.000001907,
      "output_sha256": "6f4de67a65d63f1b25fd951ff774f333d77a250a2d14f3f15e0959f5eebad074",
      "selected_steps": [
        {
          "class_envelope": [
            "C",
            "above_class_c"
          ],
          "lower_class": "C",
          "step": 1,
          "upper_class": "above_class_c"
        },
        {
          "class_envelope": [
            "C",
            "above_class_c"
          ],
          "lower_class": "C",
          "step": 2,
          "upper_class": "above_class_c"
        }
      ]
    },
    {
      "basis_solve_count": 3,
      "full_witness_solve_count": 1,
      "generated_response_input_sha256": "e9e008d05113d5095f698d83ca076de9acc47e95c8d3c015fe4b54e9294438f3",
      "id": "low_fixed_external_h3",
      "input_sha256": "fd93f159e1e1ea37864dc9c5add91d45254a9e06e7fe4b7ea727c40663c833a6",
      "maximum_activity_l1_error_bq_per_g": 6.821210263296962e-13,
      "maximum_atom_l1_error_per_g": 4038656.0937508345,
      "output_sha256": "dc2636b2266e8c483c15f65020e3d967028275aeafb4962a7894cf8ceb513423",
      "selected_steps": [
        {
          "class_envelope": [
            "A",
            "B"
          ],
          "lower_class": "A",
          "step": 1,
          "upper_class": "B"
        },
        {
          "class_envelope": [
            "A",
            "B"
          ],
          "lower_class": "A",
          "step": 2,
          "upper_class": "B"
        }
      ]
    },
    {
      "basis_solve_count": 3,
      "full_witness_solve_count": 2,
      "generated_response_input_sha256": "487b1c82e5138d38712ca945f7c3c0a62cd97a312d80e3bff36fc4fcc9b3f0be",
      "id": "required_external_h3",
      "input_sha256": "c55715c7c48f126ba03c9edbe7a29afc6d1f023d7af35698ec617498d09df153",
      "maximum_activity_l1_error_bq_per_g": 9.094947017729282e-13,
      "maximum_atom_l1_error_per_g": 8208384.000001907,
      "output_sha256": "2a6ba453b58e6a9284f7f4b6535e4c4136a616a1db841c749ab39454b5b29a3f",
      "selected_steps": [
        {
          "class_envelope": [
            "unknown"
          ],
          "lower_class": "unknown",
          "step": 1,
          "upper_class": "unknown"
        },
        {
          "class_envelope": [
            "unknown"
          ],
          "lower_class": "unknown",
          "step": 2,
          "upper_class": "unknown"
        }
      ]
    },
    {
      "basis_solve_count": 3,
      "full_witness_solve_count": 2,
      "generated_response_input_sha256": "4bac6c8ebf29a8d97a474b4af2cae6fea30e33918f909fbf6bc0e7c51d416225",
      "id": "caller_incomplete",
      "input_sha256": "595f4964a5026a114db97ddbc3ca1a91a111a3f5441574318f2ebec1334b95be",
      "maximum_activity_l1_error_bq_per_g": 9.094947017729282e-13,
      "maximum_atom_l1_error_per_g": 8208384.000001907,
      "output_sha256": "d409ecff40d5e312adb59144199d3874ddaefb2f0b49f178ce3746b674b54bc0",
      "selected_steps": [
        {
          "class_envelope": [
            "unknown"
          ],
          "lower_class": "unknown",
          "step": 1,
          "upper_class": "unknown"
        },
        {
          "class_envelope": [
            "unknown"
          ],
          "lower_class": "unknown",
          "step": 2,
          "upper_class": "unknown"
        }
      ]
    },
    {
      "basis_solve_count": 3,
      "full_witness_solve_count": 2,
      "generated_response_input_sha256": "f904caaa2b5def5120e87f752ba18d48f6523656efc83a595c363b8e0047c72a",
      "id": "missing_fe58_target",
      "input_sha256": "96c27d172416e09388e050194886e29401da86e86f664fc58c107221e0b31038",
      "maximum_activity_l1_error_bq_per_g": 9.094947017729282e-13,
      "maximum_atom_l1_error_per_g": 8208384.000001907,
      "output_sha256": "27ffda3eeab6035149542da0d93aa8a941435dcdc7d4fe7ff567dcc8231c6a04",
      "selected_steps": [
        {
          "class_envelope": [
            "unknown"
          ],
          "lower_class": "unknown",
          "step": 1,
          "upper_class": "unknown"
        },
        {
          "class_envelope": [
            "unknown"
          ],
          "lower_class": "unknown",
          "step": 2,
          "upper_class": "unknown"
        }
      ]
    },
    {
      "basis_solve_count": 3,
      "full_witness_solve_count": 1,
      "generated_response_input_sha256": "79ff437e4be011c011ad2771b82378194908b39e389e05aafd554312e3056a17",
      "id": "missing_nb94_decay",
      "input_sha256": "9bf174fe530d7b1723f248e9bd686570979bbc7bd1073132d4c43af4cb2d3733",
      "maximum_activity_l1_error_bq_per_g": -0.0,
      "maximum_atom_l1_error_per_g": 5963776.0,
      "output_sha256": "3066f8f27b8636dc3df7cd3044cc86af4309d2ab716f3194c5d0ad7c916c31b0",
      "selected_steps": [
        {
          "class_envelope": [
            "unknown"
          ],
          "lower_class": "unknown",
          "step": 1,
          "upper_class": "unknown"
        },
        {
          "class_envelope": [
            "unknown"
          ],
          "lower_class": "unknown",
          "step": 2,
          "upper_class": "unknown"
        }
      ]
    },
    {
      "basis_solve_count": 2,
      "full_witness_solve_count": 1,
      "generated_response_input_sha256": "fc95c78674e314e14e5401c2b3f42395a013262b7ced88a499bc743426e6e9bf",
      "id": "zero_response_reference",
      "input_sha256": "f3c65497fa231a404f0bc34b9833e92782344fcb0de64c56c5a3297feed11367",
      "maximum_activity_l1_error_bq_per_g": -0.0,
      "maximum_atom_l1_error_per_g": 0.0,
      "output_sha256": "5018aad05d3e8ecb5abcf18f5ee3d76bd2d53ca9117d213acda27b9c3f1ab13e",
      "selected_steps": [
        {
          "class_envelope": [
            "A"
          ],
          "lower_class": "A",
          "step": 1,
          "upper_class": "A"
        },
        {
          "class_envelope": [
            "A"
          ],
          "lower_class": "A",
          "step": 2,
          "upper_class": "A"
        }
      ]
    }
  ],
  "endpoint_count": 36,
  "failures": [],
  "independent_comparison_count": 9,
  "mutations_rejected": {
    "ranged_volume_1:basis_activity": true,
    "ranged_volume_1:basis_atoms": true,
    "ranged_volume_1:basis_duplicate_element": true,
    "ranged_volume_1:basis_duplicate_step": true,
    "ranged_volume_1:basis_missing_step": true,
    "ranged_volume_1:basis_step": true,
    "ranged_volume_1:class_envelope": true,
    "ranged_volume_1:component_id": true,
    "ranged_volume_1:generated_input_sha": true,
    "ranged_volume_1:native_pass": true,
    "ranged_volume_1:outer_input_sha": true,
    "ranged_volume_1:outer_schema": true,
    "ranged_volume_1:projection_lower": true,
    "ranged_volume_1:projection_upper": true,
    "ranged_volume_1:projection_witness": true,
    "ranged_volume_1:rules_sha": true,
    "ranged_volume_1:target_time": true,
    "ranged_volume_1:weight_bounds": true,
    "ranged_volume_1:witness_activity": true,
    "ranged_volume_1:witness_atoms": true,
    "ranged_volume_1:witness_class": true,
    "ranged_volume_1:witness_count": true,
    "ranged_volume_1:witness_pass": true
  },
  "pass": true,
  "persisted_result_matches": true,
  "phase": "P110",
  "protocol_sha256": "8ad8870d42d30f3f8c330021b15e7f4f570032deba1ee5b79f57b9411e40e7f9",
  "refusal_controls": {
    "checks": {
      "absent_target": true,
      "bad_external": true,
      "blank_assumptions": true,
      "blank_source": true,
      "both_geometries": true,
      "complete_with_reason": true,
      "duplicate_bound_coordinate": true,
      "duplicate_component_id": true,
      "duplicate_component_mass": true,
      "duplicate_embedded_base_spec_key": true,
      "duplicate_external_key": true,
      "duplicate_outer_key": true,
      "duplicate_path_base_spec_key": true,
      "duplicate_target": true,
      "empty_bounds": true,
      "empty_component_id": true,
      "infeasible_sum": true,
      "malformed_bounds": true,
      "missing_external_step": true,
      "missing_reason": true,
      "negative_h3": true,
      "negative_mass": true,
      "negative_weight": true,
      "noncanonical_external_step": true,
      "null_volume": true,
      "reversed_weight": true,
      "too_many_components": true,
      "unknown_element": true,
      "unknown_waste_type": true,
      "unsupported_component_key": true,
      "unsupported_cram_order": true,
      "unsupported_damage": true,
      "unsupported_gas": true,
      "unsupported_screen": true,
      "unsupported_top_key": true,
      "unsupported_uncertainty": true,
      "wrong_base_spec": true,
      "wrong_projectile": true,
      "wrong_rules": true,
      "wrong_schema": true,
      "zero_density": true,
      "zero_mass": true,
      "zero_target": true
    },
    "pass": true
  },
  "repeat_byte_identical": true,
  "schema": "actinv-p110-composition-solve-g1-1",
  "target_count": 18
}
{
  "g1_result_sha256": "9f02e1f81c509b4b25a055cc265404ba4145bf517355edc18f59b3b159074fc0",
  "pass": true,
  "persisted_result_matches": true,
  "phase": "P110",
  "protocol_sha256": "8ad8870d42d30f3f8c330021b15e7f4f570032deba1ee5b79f57b9411e40e7f9",
  "schema": "actinv-p110-composition-solve-g2-1",
  "separate_output_paths_byte_identical": true
}
{
  "gates": {
    "G0": "PASS",
    "G1": "PASS",
    "G2": "PASS",
    "G3_CI": "PASS",
    "G3_local": "PASS",
    "P108": "PASS",
    "P109_preserved_FAIL": "PASS",
    "predecessor_amendment": "PASS",
    "repair_amendment": "PASS"
  },
  "persisted_matches": true,
  "verdict": "P110-PASS"
}
