   Compiling proc-macro2 v1.0.107
   Compiling quote v1.0.47
   Compiling unicode-ident v1.0.24
   Compiling syn v3.0.4
   Compiling serde_core v1.0.229
   Compiling serde_derive v1.0.229
    Checking cfg-if v1.0.4
   Compiling serde v1.0.229
   Compiling autocfg v1.5.1
   Compiling version_check v0.9.5
   Compiling num-traits v0.2.19
   Compiling crossbeam-utils v0.8.22
    Checking foldhash v0.2.0
    Checking memchr v2.8.3
   Compiling crc32fast v1.5.1
    Checking simd-adler32 v0.3.10
    Checking hashbrown v0.17.1
    Checking adler2 v2.0.1
    Checking miniz_oxide v0.8.9
    Checking flate2 v1.1.9
   Compiling syn v2.0.119
    Checking either v1.18.0
    Checking once_cell v1.21.4
    Checking itoa v1.0.18
   Compiling zmij v1.0.23
   Compiling generic-array v0.14.7
   Compiling serde_json v1.0.151
   Compiling crossbeam-epoch v0.9.20
    Checking equivalent v1.0.2
    Checking typenum v1.20.1
    Checking indexmap v2.14.0
   Compiling libc v0.2.189
   Compiling crossbeam-deque v0.8.7
   Compiling rayon-core v1.13.0
    Checking log v0.4.34
    Checking block-buffer v0.10.4
    Checking crypto-common v0.1.7
   Compiling libm v0.2.16
    Checking digest v0.10.7
    Checking bitflags v2.13.1
    Checking cpufeatures v0.2.17
    Checking typed-path v0.12.3
    Checking zip v8.6.0
    Checking sha2 v0.10.9
    Checking rayon v1.12.0
    Checking num-complex v0.4.6
    Checking actinv-data v1.4.0 (/home/connoravila/.cache/avila-night/actinv-p121/crates/actinv-data)
    Checking smallvec v1.16.0
   Compiling find-msvc-tools v0.1.11
   Compiling shlex v2.0.1
   Compiling cc v1.4.4
   Compiling rustix v1.1.4
    Checking linux-raw-sys v0.12.1
   Compiling hdf5-pure v0.39.0
    Checking byteorder v1.5.0
   Compiling pkg-config v0.3.34
    Checking pin-project-lite v0.2.17
    Checking actinv-core v1.4.0 (/home/connoravila/.cache/avila-night/actinv-p121/crates/actinv-core)
    Checking libloading v0.8.9
    Checking dlib v0.5.3
   Compiling wayland-sys v0.31.11
   Compiling synstructure v0.13.2
   Compiling bytemuck_derive v1.12.0
    Checking bytemuck v1.25.2
    Checking percent-encoding v2.3.2
   Compiling zerofrom-derive v0.1.7
   Compiling wayland-backend v0.3.17
    Checking zerofrom v0.1.8
   Compiling yoke-derive v0.8.2
    Checking slab v0.4.12
    Checking downcast-rs v1.2.1
    Checking scoped-tls v1.0.1
    Checking stable_deref_trait v1.2.1
    Checking yoke v0.8.3
   Compiling quick-xml v0.41.0
   Compiling wayland-client v0.31.15
   Compiling wayland-scanner v0.31.11
    Checking polling v3.11.0
   Compiling zerovec-derive v0.11.6
   Compiling zerocopy v0.8.56
   Compiling getrandom v0.3.4
    Checking zerovec v0.11.8
   Compiling displaydoc v0.2.7
   Compiling winnow v1.0.4
    Checking parking v2.2.1
    Checking futures-core v0.3.34
   Compiling toml_parser v1.1.3+spec-1.1.0
   Compiling toml_datetime v1.1.1+spec-1.1.0
   Compiling ring v0.17.14
    Checking zeroize v1.9.0
   Compiling thiserror v2.0.20
    Checking rustls-pki-types v1.15.1
    Checking tinystr v0.8.4
   Compiling thiserror-impl v2.0.20
    Checking writeable v0.6.4
    Checking litemap v0.8.3
    Checking icu_locale_core v2.3.0
    Checking zerotrie v0.2.5
    Checking wayland-protocols v0.32.13
    Checking potential_utf v0.1.6
    Checking getrandom v0.2.17
    Checking untrusted v0.9.0
   Compiling icu_properties_data v2.3.0
   Compiling icu_normalizer_data v2.3.0
    Checking utf8_iter v1.0.4
    Checking futures-io v0.3.34
    Checking arrayvec v0.7.8
    Checking polycool v0.4.0
    Checking icu_collections v2.3.0
    Checking icu_provider v2.3.1
    Checking tracing-core v0.1.36
   Compiling tracing-attributes v0.1.31
   Compiling ahash v0.8.12
   Compiling parking_lot_core v0.9.12
    Checking fastrand v2.5.0
   Compiling khronos_api v3.1.0
    Checking base64 v0.23.1
   Compiling rustls v0.23.45
    Checking tracing v0.1.44
    Checking rustls-webpki v0.103.15
    Checking kurbo v0.13.1
    Checking webpki-roots v1.0.9
    Checking event-listener v5.4.2
    Checking font-types v0.12.4
    Checking color v0.3.3
    Checking concurrent-queue v2.5.0
    Checking euclid v0.22.14
    Checking uuid v1.26.0
   Compiling httparse v1.10.1
    Checking scopeguard v1.2.0
    Checking subtle v2.6.1
   Compiling cfg_aliases v0.2.2
    Checking linebender_resource_handle v0.1.1
    Checking peniko v0.6.1
    Checking lock_api v0.4.14
    Checking guillotiere v0.7.0
    Checking read-fonts v0.41.0
    Checking event-listener-strategy v0.5.4
    Checking icu_normalizer v2.3.0
    Checking icu_properties v2.3.0
   Compiling toml_edit v0.25.13+spec-1.1.0
    Checking futures-lite v2.6.1
   Compiling enumflags2_derive v0.7.12
    Checking fearless_simd v0.4.1
    Checking bytes v1.12.1
   Compiling typeid v1.0.3
   Compiling xml-rs v0.8.29
   Compiling unicode-general-category v1.1.0
   Compiling gl_generator v0.14.0
    Checking http v1.5.0
    Checking vello_common v0.1.0
   Compiling proc-macro-crate v3.5.0
    Checking parking_lot v0.12.5
    Checking idna_adapter v1.2.2
   Compiling zvariant_utils v4.2.0
    Checking emath v0.36.1
   Compiling rustix v0.38.44
   Compiling thiserror v1.0.69
    Checking ecolor v0.36.1
   Compiling zvariant_derive v5.15.0
    Checking ureq-proto v0.6.1
    Checking idna v1.1.0
    Checking vello_cpu v0.1.0
    Checking skrifa v0.44.0
    Checking harfrust v0.12.0
    Checking form_urlencoded v1.2.2
   Compiling x11-dl v2.21.0
   Compiling enumn v0.1.14
   Compiling thiserror-impl v1.0.69
   Compiling async-io v2.6.0
    Checking utf8-zero v0.8.1
    Checking cursor-icon v1.2.0
    Checking xkeysym v0.2.1
    Checking async-task v4.7.1
    Checking xcursor v0.3.11
    Checking nohash-hasher v0.2.0
    Checking linux-raw-sys v0.4.15
    Checking profiling v1.0.18
    Checking epaint_default_fonts v0.36.1
    Checking self_cell v1.3.0
    Checking unicode-segmentation v1.13.3
    Checking epaint v0.36.1
    Checking wayland-cursor v0.31.14
    Checking wayland-csd-frame v0.3.0
    Checking ureq v3.4.0
    Checking accesskit v0.24.1
    Checking url v2.5.8
    Checking ron v0.12.2
    Checking async-channel v2.5.0
    Checking wayland-protocols-wlr v0.3.12
    Checking memmap2 v0.9.11
    Checking itertools v0.15.0
    Checking raw-window-handle v0.6.2
    Checking atomic-waker v1.1.2
    Checking piper v0.2.5
    Checking egui v0.36.1
    Checking calloop v0.13.0
   Compiling enumflags2 v0.7.12
   Compiling zcheapstr v1.1.0
    Checking gethostname v1.1.0
    Checking errno v0.3.14
    Checking fdeflate v0.3.7
   Compiling smithay-client-toolkit v0.19.2
    Checking x11rb-protocol v0.13.2
   Compiling endi v1.1.1
    Checking pxfm v0.1.30
   Compiling siphasher v1.0.3
    Checking as-raw-xcb-connection v1.0.1
   Compiling unicase v2.9.0
   Compiling phf_shared v0.11.3
    Checking x11rb v0.13.2
    Checking moxcms v0.8.1
   Compiling zvariant v5.15.0
    Checking png v0.18.1
    Checking signal-hook-registry v1.4.8
    Checking calloop-wayland-source v0.3.0
    Checking blocking v1.7.0
    Checking actinv-cli v1.4.0 (/home/connoravila/.cache/avila-night/actinv-p121/crates/actinv-cli)
   Compiling glutin_egl_sys v0.7.1
   Compiling glutin_glx_sys v0.6.1
    Checking async-lock v3.4.2
   Compiling winit v0.30.13
    Checking calloop v0.14.4
    Checking byteorder-lite v0.1.0
   Compiling smithay-client-toolkit v0.20.0
    Checking image v0.25.10
    Checking calloop-wayland-source v0.4.1
    Checking async-signal v0.2.14
   Compiling zbus_names v4.3.4
   Compiling phf v0.11.3
    Checking xkbcommon-dl v0.4.2
   Compiling glutin v0.32.3
    Checking wayland-protocols-plasma v0.3.12
    Checking wayland-protocols-misc v0.3.12
    Checking wayland-protocols-experimental v20250721.0.1
    Checking rand_core v0.9.5
    Checking ppv-lite86 v0.2.21
   Compiling serde_spanned v1.1.1
    Checking aho-corasick v1.1.5
    Checking smol_str v0.2.2
    Checking powerfmt v0.2.0
    Checking bit-vec v0.8.0
    Checking regex-syntax v0.8.11
   Compiling semver v1.0.28
    Checking num-conv v0.2.2
    Checking time-core v0.1.9
   Compiling toml_writer v1.1.2+spec-1.1.0
    Checking dpi v0.1.2
    Checking deranged v0.5.8
    Checking time v0.3.55
   Compiling toml v1.1.5+spec-1.1.0
   Compiling rustc_version v0.4.1
    Checking regex-automata v0.4.18
    Checking bit-set v0.8.0
    Checking rand_chacha v0.9.0
   Compiling mime_guess2 v2.3.1
   Compiling zbus_macros v5.19.0
    Checking async-process v2.5.0
    Checking async-executor v1.14.0
    Checking async-broadcast v0.7.2
   Compiling glutin-winit v0.5.0
    Checking ordered-stream v0.2.0
   Compiling async-recursion v1.1.1
    Checking quick-xml v0.42.0
   Compiling serde_repr v0.1.21
   Compiling futures-macro v0.3.34
   Compiling async-trait v0.1.92
    Checking futures-task v0.3.34
    Checking same-file v1.0.6
    Checking hex v0.4.3
    Checking linked-hash-map v0.5.6
    Checking yaml-rust v0.4.5
    Checking zbus v5.19.0
    Checking walkdir v2.5.0
    Checking futures-util v0.3.34
    Checking plist v1.10.1
    Checking smithay-clipboard v0.7.3
    Checking rand v0.9.5
    Checking fancy-regex v0.16.2
   Compiling embed-resource v3.0.11
    Checking arboard v3.6.1
    Checking async-fs v2.2.0
    Checking async-net v2.0.0
    Checking webpki-roots v0.26.11
    Checking futures-channel v0.3.34
   Compiling enum-map-derive v0.17.0
    Checking bincode v1.3.3
    Checking mime v0.3.17
   Compiling litrs v1.0.0
    Checking glow v0.17.0
   Compiling rfd v0.16.0
    Checking web-time v1.1.0
    Checking base64 v0.22.1
    Checking fnv v1.0.7
    Checking syntect v5.3.0
    Checking ureq v2.12.1
    Checking egui-winit v0.36.1
    Checking egui_glow v0.36.1
   Compiling document-features v0.2.12
    Checking enum-map v2.7.3
    Checking ashpd v0.11.1
   Compiling actinv-gui v0.3.0-preview.1 (/home/connoravila/.cache/avila-night/actinv-p121/crates/actinv-gui)
    Checking urlencoding v2.1.3
    Checking pollster v0.4.0
    Checking static_assertions v1.1.0
    Checking eframe v0.36.1
    Checking egui_extras v0.36.1
    Checking avila-account v0.1.1
    Checking egui_plot v0.37.0
    Finished `dev` profile [unoptimized + debuginfo] target(s) in 3m 11s
