Running as unit: run-p849168-i9230710.scope; invocation ID: b2e86c4838674059a75f5fbe7c19bbe3
{
  "argv": [
    "python3",
    "scripts/test_run_roadmap_gate.py"
  ],
  "child_exit_code": 0,
  "cwd": ".",
  "error": null,
  "gate": "gate_recorder_regressions",
  "log_path": "target/p114-gate_recorder_regressions.log",
  "log_sha256": "763ac6dc6c36ce1c58d37769961ba9e528cf5113f3c390da9f09e6c41d9f61c9",
  "phase": "P114",
  "resources": {
    "cgroup_limits": {
      "cpu.max": "200000 100000",
      "memory.max": "6442450944",
      "memory.swap.max": "0",
      "pids.max": "128"
    },
    "cgroup_path": "/user.slice/user-1000.slice/user@1000.service/app.slice/run-p849168-i9230710.scope",
    "environment": {
      "CARGO_BUILD_JOBS": "1",
      "RAYON_NUM_THREADS": "2",
      "RUST_TEST_THREADS": "1"
    },
    "platform": "linux",
    "tmpdir": {
      "filesystem": "ext4",
      "mount_point": "/",
      "path": "target/preflight-tmp"
    }
  },
  "schema": "actinv-roadmap-gate-receipt-1",
  "status": "completed",
  "timeout_s": 120.0
}
