Running as unit: run-p854115-i9242372.scope; invocation ID: fb4837de39064845bc986898ac09d0d8
{
  "argv": [
    "python3",
    "controls/test_p113_history.py"
  ],
  "child_exit_code": 0,
  "cwd": ".",
  "error": null,
  "gate": "p113_history_regressions",
  "log_path": "target/p114-p113_history_regressions.log",
  "log_sha256": "6306b70a1dd90462088a5e5b141063392f04c7fa9b866aab0f623431fb0f11bd",
  "phase": "P114",
  "resources": {
    "cgroup_limits": {
      "cpu.max": "200000 100000",
      "memory.max": "6442450944",
      "memory.swap.max": "0",
      "pids.max": "128"
    },
    "cgroup_path": "/user.slice/user-1000.slice/user@1000.service/app.slice/run-p854115-i9242372.scope",
    "environment": {
      "CARGO_BUILD_JOBS": "1",
      "RAYON_NUM_THREADS": "2",
      "RUST_TEST_THREADS": "1"
    },
    "platform": "linux",
    "tmpdir": {
      "filesystem": "ext4",
      "mount_point": "/",
      "path": "target/preflight-tmp"
    }
  },
  "schema": "actinv-roadmap-gate-receipt-1",
  "status": "completed",
  "timeout_s": 600.0
}
