Running as unit: run-p1011637-i9409437.scope; invocation ID: 396491fb9ef7485a88050ad77b2e31f8
{
  "argv": [
    "cargo",
    "clippy",
    "--workspace",
    "--all-targets",
    "--all-features",
    "--",
    "-D",
    "warnings"
  ],
  "child_exit_code": 0,
  "cwd": ".",
  "error": null,
  "gate": "workspace_clippy",
  "log_path": "target/p116-workspace_clippy.log",
  "log_sha256": "ca2e7833da10ec20939ccbf9c17eb1aed6ef605e6ae3d7af009b9fce6d4394c7",
  "phase": "P116",
  "resources": {
    "cgroup_limits": {
      "cpu.max": "200000 100000",
      "memory.max": "6442450944",
      "memory.swap.max": "0",
      "pids.max": "128"
    },
    "cgroup_path": "/user.slice/user-1000.slice/user@1000.service/app.slice/run-p1011637-i9409437.scope",
    "environment": {
      "CARGO_BUILD_JOBS": "1",
      "RAYON_NUM_THREADS": "2",
      "RUST_TEST_THREADS": "1"
    },
    "platform": "linux",
    "tmpdir": {
      "filesystem": "ext4",
      "mount_point": "/",
      "path": "target/preflight-tmp"
    }
  },
  "schema": "actinv-roadmap-gate-receipt-1",
  "status": "completed",
  "timeout_s": 1200.0
}
