Running as unit: run-p1020842-i9407018.scope; invocation ID: 425629f0c6104f1c840061bc9ca79649
{
  "argv": [
    "python3",
    "controls/test_p114_history.py"
  ],
  "child_exit_code": 0,
  "cwd": ".",
  "error": null,
  "gate": "p114_history_regressions",
  "log_path": "target/p116-p114_history_regressions.log",
  "log_sha256": "0b02d449c7bb59b9c0ed3a27bc56bb10468f8b32b1b8feb77130a41f70da1657",
  "phase": "P116",
  "resources": {
    "cgroup_limits": {
      "cpu.max": "200000 100000",
      "memory.max": "6442450944",
      "memory.swap.max": "0",
      "pids.max": "128"
    },
    "cgroup_path": "/user.slice/user-1000.slice/user@1000.service/app.slice/run-p1020842-i9407018.scope",
    "environment": {
      "CARGO_BUILD_JOBS": "1",
      "RAYON_NUM_THREADS": "2",
      "RUST_TEST_THREADS": "1"
    },
    "platform": "linux",
    "tmpdir": {
      "filesystem": "ext4",
      "mount_point": "/",
      "path": "target/preflight-tmp"
    }
  },
  "schema": "actinv-roadmap-gate-receipt-1",
  "status": "completed",
  "timeout_s": 600.0
}
