Running as unit: run-p1118534-i9508714.scope; invocation ID: 71687614ef2a4d358919c2d30e70641d
{
  "argv": [
    "python3",
    "controls/test_p116_verdict.py"
  ],
  "child_exit_code": 0,
  "cwd": ".",
  "error": null,
  "gate": "p116_verdict_regressions",
  "log_path": "target/p116-p116_verdict_regressions.log",
  "log_sha256": "e0d7eafc8609fe9ef8b6c40c97b195a11b0bc3d137308db73bce42aad9ec9a53",
  "phase": "P116",
  "resources": {
    "cgroup_limits": {
      "cpu.max": "200000 100000",
      "memory.max": "6442450944",
      "memory.swap.max": "0",
      "pids.max": "128"
    },
    "cgroup_path": "/user.slice/user-1000.slice/user@1000.service/app.slice/run-p1118534-i9508714.scope",
    "environment": {
      "CARGO_BUILD_JOBS": "1",
      "RAYON_NUM_THREADS": "2",
      "RUST_TEST_THREADS": "1"
    },
    "platform": "linux",
    "tmpdir": {
      "filesystem": "ext4",
      "mount_point": "/",
      "path": "target/preflight-tmp"
    }
  },
  "schema": "actinv-roadmap-gate-receipt-1",
  "status": "completed",
  "timeout_s": 600.0
}
