Running as unit: run-p1011598-i9409431.scope; invocation ID: 208f42aa563944eb9ae4ddb421d48c59
{
  "argv": [
    "cargo",
    "check",
    "--workspace",
    "--all-targets",
    "--all-features"
  ],
  "child_exit_code": 0,
  "cwd": ".",
  "error": null,
  "gate": "workspace_check",
  "log_path": "target/p116-workspace_check.log",
  "log_sha256": "e861edc752fea8686616857992f4ad60d2c1a59724f7d58eeef91488ab66e29b",
  "phase": "P116",
  "resources": {
    "cgroup_limits": {
      "cpu.max": "200000 100000",
      "memory.max": "6442450944",
      "memory.swap.max": "0",
      "pids.max": "128"
    },
    "cgroup_path": "/user.slice/user-1000.slice/user@1000.service/app.slice/run-p1011598-i9409431.scope",
    "environment": {
      "CARGO_BUILD_JOBS": "1",
      "RAYON_NUM_THREADS": "2",
      "RUST_TEST_THREADS": "1"
    },
    "platform": "linux",
    "tmpdir": {
      "filesystem": "ext4",
      "mount_point": "/",
      "path": "target/preflight-tmp"
    }
  },
  "schema": "actinv-roadmap-gate-receipt-1",
  "status": "completed",
  "timeout_s": 1200.0
}
