Running as unit: run-p1012538-i9417035.scope; invocation ID: 9aed5444f5134a15a60d0d07a1398302
{
  "argv": [
    "cargo",
    "build",
    "--release",
    "-p",
    "actinv-cli"
  ],
  "child_exit_code": 0,
  "cwd": ".",
  "error": null,
  "gate": "release_build",
  "log_path": "target/p116-release_build.log",
  "log_sha256": "3f28e3a2b566aea19cba25f8012fc9d86f77508233f3bbb6e3f14a84d43160fb",
  "phase": "P116",
  "resources": {
    "cgroup_limits": {
      "cpu.max": "200000 100000",
      "memory.max": "6442450944",
      "memory.swap.max": "0",
      "pids.max": "128"
    },
    "cgroup_path": "/user.slice/user-1000.slice/user@1000.service/app.slice/run-p1012538-i9417035.scope",
    "environment": {
      "CARGO_BUILD_JOBS": "1",
      "RAYON_NUM_THREADS": "2",
      "RUST_TEST_THREADS": "1"
    },
    "platform": "linux",
    "tmpdir": {
      "filesystem": "ext4",
      "mount_point": "/",
      "path": "target/preflight-tmp"
    }
  },
  "schema": "actinv-roadmap-gate-receipt-1",
  "status": "completed",
  "timeout_s": 1200.0
}
