Running as unit: run-p1010419-i9416728.scope; invocation ID: d608b72386564d3f836d0d97a97c1fbd
{
  "argv": [
    "python3",
    "scripts/test_run_p116_gate.py"
  ],
  "child_exit_code": 0,
  "cwd": ".",
  "error": null,
  "gate": "gate_recorder_regressions",
  "log_path": "target/p116-gate_recorder_regressions.log",
  "log_sha256": "92572272431cff8c3b39b50c2877b77ef0e9f000ad0b6ea56ffe15a8383d029a",
  "phase": "P116",
  "resources": {
    "cgroup_limits": {
      "cpu.max": "200000 100000",
      "memory.max": "6442450944",
      "memory.swap.max": "0",
      "pids.max": "128"
    },
    "cgroup_path": "/user.slice/user-1000.slice/user@1000.service/app.slice/run-p1010419-i9416728.scope",
    "environment": {
      "CARGO_BUILD_JOBS": "1",
      "RAYON_NUM_THREADS": "2",
      "RUST_TEST_THREADS": "1"
    },
    "platform": "linux",
    "tmpdir": {
      "filesystem": "ext4",
      "mount_point": "/",
      "path": "target/preflight-tmp"
    }
  },
  "schema": "actinv-roadmap-gate-receipt-1",
  "status": "completed",
  "timeout_s": 600.0
}
