Running as unit: run-p1012879-i9402023.scope; invocation ID: b16483c79af1456ab9ef29f1ea9d458b
{
  "argv": [
    "python3",
    "controls/test_p113_history.py"
  ],
  "child_exit_code": 0,
  "cwd": ".",
  "error": null,
  "gate": "p113_history_regressions",
  "log_path": "target/p116-p113_history_regressions.log",
  "log_sha256": "a1ab16e6b5c60896c06f90bb64047c19e40178571e9499b2e7f1cbfdbc1d1023",
  "phase": "P116",
  "resources": {
    "cgroup_limits": {
      "cpu.max": "200000 100000",
      "memory.max": "6442450944",
      "memory.swap.max": "0",
      "pids.max": "128"
    },
    "cgroup_path": "/user.slice/user-1000.slice/user@1000.service/app.slice/run-p1012879-i9402023.scope",
    "environment": {
      "CARGO_BUILD_JOBS": "1",
      "RAYON_NUM_THREADS": "2",
      "RUST_TEST_THREADS": "1"
    },
    "platform": "linux",
    "tmpdir": {
      "filesystem": "ext4",
      "mount_point": "/",
      "path": "target/preflight-tmp"
    }
  },
  "schema": "actinv-roadmap-gate-receipt-1",
  "status": "completed",
  "timeout_s": 600.0
}
