Running as unit: run-p1037679-i9437646.scope; invocation ID: 8457afaaa5c64f98af141eadd6dd3e78
{
  "argv": [
    "python3",
    "controls/test_p116_seal.py"
  ],
  "child_exit_code": 0,
  "cwd": ".",
  "error": null,
  "gate": "p116_seal_regressions",
  "log_path": "target/p116-p116_seal_regressions.log",
  "log_sha256": "4d6447ad5e45f86dcf0922ae7911213d1be814cefc41da7eaba6d2ec7c147447",
  "phase": "P116",
  "resources": {
    "cgroup_limits": {
      "cpu.max": "200000 100000",
      "memory.max": "6442450944",
      "memory.swap.max": "0",
      "pids.max": "128"
    },
    "cgroup_path": "/user.slice/user-1000.slice/user@1000.service/app.slice/run-p1037679-i9437646.scope",
    "environment": {
      "CARGO_BUILD_JOBS": "1",
      "RAYON_NUM_THREADS": "2",
      "RUST_TEST_THREADS": "1"
    },
    "platform": "linux",
    "tmpdir": {
      "filesystem": "ext4",
      "mount_point": "/",
      "path": "target/preflight-tmp"
    }
  },
  "schema": "actinv-roadmap-gate-receipt-1",
  "status": "completed",
  "timeout_s": 600.0
}
