fingerprint 6dc8cf9bf0b7; 2847/2847 targets already cached in /home/connoravila/nuclear-data/tendl-2023/cache_actinv_tendl2023_709g
  1/2847 n_001-H-1_0125.dat 2.0s rows=2 led=0 cached  total 0s
  51/2847 n_011-Na-24_1128.dat 2.1s rows=56 led=1 cached  total 0s
  101/2847 n_017-Cl-33_1719.dat 2.2s rows=52 led=1 cached  total 0s
  151/2847 n_020-Ca-52_2061.dat 1.1s rows=32 led=1 cached  total 0s
  201/2847 n_025-Mn-52M_2517.dat 1.9s rows=55 led=3 cached  total 0s
  251/2847 n_028-Ni-64_2843.dat 2.1s rows=61 led=1 cached  total 0s
  301/2847 n_030-Zn-76_3061.dat 3.3s rows=38 led=2 cached  total 1s
  351/2847 n_033-As-68_3304.dat 1.0s rows=58 led=1 cached  total 1s
  401/2847 n_035-Br-74M_3511.dat 3.2s rows=65 led=3 cached  total 1s
  451/2847 n_037-Rb-75_3695.dat 0.7s rows=59 led=2 cached  total 1s
  501/2847 n_039-Y-78M_3893.dat 2.9s rows=53 led=3 cached  total 1s
  551/2847 n_040-Zr-90_4025.dat 9.0s rows=62 led=3 cached  total 1s
  601/2847 n_042-Mo-103_4258.dat 1.9s rows=45 led=2 cached  total 1s
  651/2847 n_043-Tc-96M_4317.dat 1.5s rows=73 led=3 cached  total 1s
  701/2847 n_045-Rh-108_4540.dat 6.6s rows=55 led=3 cached  total 1s
  751/2847 n_046-Pd-92_4595.dat 0.2s rows=48 led=2 cached  total 1s
  801/2847 n_047-Ag-96M_4693.dat 0.3s rows=62 led=3 cached  total 2s
  851/2847 n_049-In-105_4901.dat 1.5s rows=76 led=3 cached  total 2s
  901/2847 n_049-In-129M_4974.dat 0.7s rows=42 led=3 cached  total 2s
  951/2847 n_051-Sb-109_5089.dat 2.9s rows=71 led=2 cached  total 2s
  1001/2847 n_052-Te-118_5219.dat 0.7s rows=66 led=2 cached  total 2s
  1051/2847 n_053-I-129_5331.dat 19.7s rows=71 led=2 cached  total 2s
  1101/2847 n_054-Xe-140_5473.dat 1.7s rows=40 led=1 cached  total 2s
  1151/2847 n_056-Ba-121_5598.dat 4.0s rows=69 led=2 cached  total 2s
  1201/2847 n_057-La-133_5710.dat 3.0s rows=65 led=2 cached  total 2s
  1251/2847 n_058-Ce-147_5858.dat 1.2s rows=42 led=1 cached  total 3s
  1301/2847 n_060-Nd-130_5989.dat 2.2s rows=60 led=1 cached  total 3s
  1351/2847 n_061-Pm-140_6128.dat 6.1s rows=73 led=3 cached  total 3s
  1401/2847 n_062-Sm-151_6246.dat 76.4s rows=61 led=2 cached  total 3s
  1451/2847 n_063-Eu-163_6361.dat 4.6s rows=40 led=1 cached  total 3s
  1501/2847 n_065-Tb-145_6483.dat 4.7s rows=66 led=2 cached  total 3s
  1551/2847 n_066-Dy-152_6613.dat 5.7s rows=68 led=2 cached  total 3s
  1601/2847 n_067-Ho-159_6707.dat 7.1s rows=76 led=3 cached  total 3s
  1651/2847 n_068-Er-166_6837.dat 12.3s rows=65 led=2 cached  total 3s
  1701/2847 n_069-Tm-176_6946.dat 6.5s rows=42 led=1 cached  total 4s
  1751/2847 n_071-Lu-159_7077.dat 4.5s rows=74 led=2 cached  total 4s
  1801/2847 n_072-Hf-163_7192.dat 7.7s rows=67 led=2 cached  total 4s
  1851/2847 n_073-Ta-171_7298.dat 6.8s rows=71 led=3 cached  total 4s
  1901/2847 n_074-W-185M_7441.dat 2.1s rows=57 led=3 cached  total 4s
  1951/2847 n_075-Re-192_7546.dat 7.7s rows=46 led=3 cached  total 4s
  2001/2847 n_077-Ir-171M_7666.dat 10.0s rows=73 led=3 cached  total 4s
  2051/2847 n_077-Ir-205_7767.dat 0.8s rows=40 led=1 cached  total 4s
  2101/2847 n_079-Au-184_7886.dat 7.9s rows=65 led=3 cached  total 5s
  2151/2847 n_080-Hg-189M_8005.dat 7.0s rows=70 led=3 cached  total 5s
  2201/2847 n_081-Tl-190_8086.dat 7.0s rows=79 led=3 cached  total 5s
  2251/2847 n_082-Pb-193M_8193.dat 56.2s rows=79 led=3 cached  total 5s
  2301/2847 n_083-Bi-197M_8290.dat 3.2s rows=83 led=3 cached  total 5s
  2351/2847 n_084-Po-201_8410.dat 2.9s rows=86 led=3 cached  total 5s
  2401/2847 n_085-At-224_8588.dat 178.5s rows=46 led=1 cached  total 5s
  2451/2847 n_087-Fr-223_8758.dat 17.6s rows=60 led=2 cached  total 5s
  2501/2847 n_089-Ac-236_8958.dat 878.5s rows=42 led=2 cached  total 5s
  2551/2847 n_092-U-239_9240.dat 18.1s rows=44 led=1 cached  total 6s
  2601/2847 n_095-Am-231_9513.dat 8.9s rows=48 led=1 cached  total 6s
  2651/2847 n_097-Bk-238_9719.dat 5.3s rows=49 led=1 cached  total 6s
  2701/2847 n_099-Es-251_9911.dat 94.2s rows=39 led=3 cached  total 6s
  2751/2847 n_102-No-255_9973.dat 62.2s rows=48 led=2 cached  total 6s
  2801/2847 n_106-Sg-268_0668.dat 15.3s rows=42 led=1 cached  total 6s
targets 2847 rows 164315 errors 0 14s -> /home/connoravila/nuclear-data/tendl-2023/actinv_tendl2023_709g.npz
build exit=0
