  1/132 Ag      2000exp_5min     pruned   64    2.99 ms  ACTINV gm C/E 1.124 max|ln| 0.348 | FISPACT gm 1.032 max|ln| 0.202
  2/132 Al      1996exp_5min     pruned   23    0.97 ms  ACTINV gm C/E 0.963 max|ln| 0.105 | FISPACT gm 0.963 max|ln| 0.103
  3/132 Al      1996exp_7hour    pruned   35    0.69 ms  ACTINV gm C/E 0.037 max|ln| 10.277 | FISPACT gm 0.075 max|ln| 7.800
  4/132 Al      2000exp_5min     pruned   23    0.99 ms  ACTINV gm C/E 1.073 max|ln| 0.107 | FISPACT gm 1.072 max|ln| 0.101
  5/132 As      2000exp_5min     pruned   52    2.38 ms  ACTINV gm C/E 1.232 max|ln| 0.326 | FISPACT gm 1.034 max|ln| 0.328
  6/132 Au      2000exp_5min     pruned   39    1.90 ms  ACTINV gm C/E 0.761 max|ln| 0.516 | FISPACT gm 1.290 max|ln| 0.548
  7/132 Ba      1996exp_5min     pruned   88    3.68 ms  ACTINV gm C/E 0.433 max|ln| 2.174 | FISPACT gm 0.508 max|ln| 2.301
  8/132 Ba      1996exp_7hour    pruned  103    1.68 ms  ACTINV gm C/E 1.097 max|ln| 0.407 | FISPACT gm 1.078 max|ln| 0.216
  9/132 Ba      2000exp_5min     pruned   88    6.93 ms  ACTINV gm C/E 1.050 max|ln| 0.465 | FISPACT gm 1.253 max|ln| 0.336
 10/132 Bi      1996exp_5min     pruned   25    1.20 ms  ACTINV gm C/E 1.850 max|ln| 1.117 | FISPACT gm 3.767 max|ln| 1.863
 11/132 Bi      1996exp_7hour    pruned   30    0.57 ms  ACTINV gm C/E 6.867 max|ln| 2.343 | FISPACT gm 6.301 max|ln| 2.261
 12/132 Bi      2000exp_5min     pruned   25    1.49 ms  ACTINV gm C/E 2.637 max|ln| 4.221 | FISPACT gm 5.153 max|ln| 4.346
 13/132 Br      2000exp_5min     pruned   53    2.41 ms  ACTINV gm C/E 1.000 max|ln| 0.096 | FISPACT gm 1.014 max|ln| 0.112
 14/132 Ca      1996exp_5min     pruned   79    3.51 ms  ACTINV gm C/E 1.212 max|ln| 0.382 | FISPACT gm 0.670 max|ln| 0.550
 15/132 Ca      1996exp_7hour    pruned   93    1.62 ms  ACTINV gm C/E 0.888 max|ln| 0.166 | FISPACT gm 0.943 max|ln| 0.114
 16/132 Ca      2000exp_5min     pruned   79    3.47 ms  ACTINV gm C/E 1.667 max|ln| 0.920 | FISPACT gm 0.962 max|ln| 0.832
 17/132 Cd      2000exp_5min     pruned  103    5.44 ms  ACTINV gm C/E 1.115 max|ln| 0.175 | FISPACT gm 1.144 max|ln| 0.150
 18/132 Ce      2000exp_5min     pruned   79    3.71 ms  ACTINV gm C/E 1.098 max|ln| 1.433 | FISPACT gm 1.334 max|ln| 1.852
 19/132 Cl      2000exp_5min     pruned   41    1.76 ms  ACTINV gm C/E 1.141 max|ln| 0.229 | FISPACT gm 1.100 max|ln| 0.313
 20/132 Co      1996exp_5min     pruned   25    1.15 ms  ACTINV gm C/E 0.978 max|ln| 0.035 | FISPACT gm 1.020 max|ln| 0.050
 21/132 Co      1996exp_7hour    pruned   39    1.01 ms  ACTINV gm C/E 0.994 max|ln| 0.316 | FISPACT gm 0.995 max|ln| 0.314
 22/132 Co      2000exp_5min     pruned   25    1.14 ms  ACTINV gm C/E 1.062 max|ln| 0.131 | FISPACT gm 1.102 max|ln| 0.188
 23/132 Cr      1996exp_5min     pruned   39    1.70 ms  ACTINV gm C/E 0.907 max|ln| 1.698 | FISPACT gm 0.819 max|ln| 1.181
 24/132 Cr      1996exp_7hour    pruned   57    1.38 ms  ACTINV gm C/E 0.661 max|ln| 2.229 | FISPACT gm 0.645 max|ln| 2.256
 25/132 Cr      2000exp_5min     pruned   39    1.79 ms  ACTINV gm C/E 1.166 max|ln| 1.047 | FISPACT gm 1.040 max|ln| 0.552
 26/132 Cs      2000exp_5min     pruned   50    2.27 ms  ACTINV gm C/E 1.213 max|ln| 1.538 | FISPACT gm 1.018 max|ln| 1.541
 27/132 Cu      1996exp_5min     pruned   36    1.57 ms  ACTINV gm C/E 0.924 max|ln| 0.101 | FISPACT gm 0.915 max|ln| 0.097
 28/132 Cu      1996exp_7hour    pruned   47    1.26 ms  ACTINV gm C/E 0.923 max|ln| 0.210 | FISPACT gm 0.927 max|ln| 0.209
 29/132 Cu      2000exp_5min     pruned   36    1.63 ms  ACTINV gm C/E 1.061 max|ln| 0.085 | FISPACT gm 1.048 max|ln| 0.055
 30/132 Dy      2000exp_5min     pruned   79    3.37 ms  ACTINV gm C/E 1.880 max|ln| 3.470 | FISPACT gm 1.887 max|ln| 3.463
 31/132 Er      2000exp_5min     pruned   78    3.43 ms  ACTINV gm C/E 1.493 max|ln| 2.301 | FISPACT gm 1.329 max|ln| 2.314
 32/132 Eu      2000exp_5min     pruned   60    2.59 ms  ACTINV gm C/E 1.508 max|ln| 1.167 | FISPACT gm 1.867 max|ln| 1.408
 33/132 F       1996exp_5min     pruned   18    0.87 ms  ACTINV gm C/E 1.080 max|ln| 0.119 | FISPACT gm 1.081 max|ln| 0.120
 34/132 F       2000exp_5min     pruned   18    0.91 ms  ACTINV gm C/E 1.003 max|ln| 0.125 | FISPACT gm 1.004 max|ln| 0.124
 35/132 Fe      1996exp_5min     pruned   38    1.62 ms  ACTINV gm C/E 0.926 max|ln| 0.126 | FISPACT gm 0.936 max|ln| 0.102
 36/132 Fe      1996exp_7hour    pruned   59    1.55 ms  ACTINV gm C/E 0.901 max|ln| 0.164 | FISPACT gm 0.915 max|ln| 0.152
 37/132 Fe      2000exp_5min     pruned   38    1.67 ms  ACTINV gm C/E 1.059 max|ln| 0.080 | FISPACT gm 1.073 max|ln| 0.085
 38/132 Ga      2000exp_5min     pruned   56    2.66 ms  ACTINV gm C/E 1.024 max|ln| 0.095 | FISPACT gm 1.023 max|ln| 0.086
 39/132 Gd      2000exp_5min     pruned   76    3.32 ms  ACTINV gm C/E 1.217 max|ln| 1.067 | FISPACT gm 1.170 max|ln| 1.002
 40/132 Ge      2000exp_5min     pruned   72    3.41 ms  ACTINV gm C/E 1.458 max|ln| 0.604 | FISPACT gm 1.020 max|ln| 0.448
 41/132 Hf      2000exp_5min     pruned   62    2.68 ms  ACTINV gm C/E 0.964 max|ln| 0.671 | FISPACT gm 0.924 max|ln| 0.544
 42/132 Hg      2000exp_5min     pruned   81    3.70 ms  ACTINV gm C/E 0.975 max|ln| 0.216 | FISPACT gm 1.122 max|ln| 0.151
 43/132 Ho      2000exp_5min     pruned   49    2.18 ms  ACTINV gm C/E 0.964 max|ln| 1.160 | FISPACT gm 1.071 max|ln| 1.138
 44/132 I       2000exp_5min     pruned   62    2.90 ms  ACTINV gm C/E 1.826 max|ln| 1.018 | FISPACT gm 1.831 max|ln| 1.015
 45/132 In      2000exp_5min     pruned   79    4.06 ms  ACTINV gm C/E 1.894 max|ln| 0.829 | FISPACT gm 29.056 max|ln| 4.212
 46/132 Inc600  1996exp_5min     pruned   72    3.04 ms  ACTINV gm C/E 0.950 max|ln| 0.150 | FISPACT gm 0.850 max|ln| 0.206
 47/132 Inc600  1996exp_7hour    pruned   93    2.30 ms  ACTINV gm C/E 0.979 max|ln| 0.064 | FISPACT gm 0.998 max|ln| 0.061
 48/132 Inc600  2000exp_5min     pruned   72    3.13 ms  ACTINV gm C/E 1.056 max|ln| 0.123 | FISPACT gm 0.937 max|ln| 0.119
 49/132 Ir      2000exp_5min     pruned   46    2.08 ms  ACTINV gm C/E 0.477 max|ln| 1.314 | FISPACT gm 0.577 max|ln| 1.201
 50/132 K       1996exp_5min     pruned   54    2.28 ms  ACTINV gm C/E 1.209 max|ln| 0.242 | FISPACT gm 1.085 max|ln| 0.104
 51/132 K       1996exp_7hour    pruned   67    1.41 ms  ACTINV gm C/E 1.034 max|ln| 2.322 | FISPACT gm 1.249 max|ln| 2.346
 52/132 K       2000exp_5min     pruned   54    2.34 ms  ACTINV gm C/E 1.202 max|ln| 0.311 | FISPACT gm 1.086 max|ln| 0.132
 53/132 La      2000exp_5min     pruned   54    2.60 ms  ACTINV gm C/E 2.118 max|ln| 2.916 | FISPACT gm 1.885 max|ln| 2.769
 54/132 Lu      2000exp_5min     pruned   55    2.49 ms  ACTINV gm C/E 1.352 max|ln| 1.810 | FISPACT gm 1.215 max|ln| 1.689
 55/132 Mg      2000exp_5min     pruned   35    1.43 ms  ACTINV gm C/E 0.907 max|ln| 0.271 | FISPACT gm 0.943 max|ln| 0.163
 56/132 Mn      1996exp_5min     pruned   23    1.03 ms  ACTINV gm C/E 1.211 max|ln| 0.280 | FISPACT gm 1.038 max|ln| 0.123
 57/132 Mn      1996exp_7hour    pruned   41    1.07 ms  ACTINV gm C/E 0.997 max|ln| 0.074 | FISPACT gm 0.961 max|ln| 0.108
 58/132 Mn      2000exp_5min     pruned   23    1.10 ms  ACTINV gm C/E 1.317 max|ln| 0.329 | FISPACT gm 1.120 max|ln| 0.140
 59/132 Mo      1996exp_5min     pruned   78    3.59 ms  ACTINV gm C/E 0.747 max|ln| 0.311 | FISPACT gm 0.901 max|ln| 0.118
 60/132 Mo      1996exp_7hour    pruned  108    2.61 ms  ACTINV gm C/E 1.071 max|ln| 0.473 | FISPACT gm 1.041 max|ln| 0.366
 61/132 Mo      2000exp_5min     pruned   78    3.56 ms  ACTINV gm C/E 0.813 max|ln| 0.230 | FISPACT gm 0.982 max|ln| 0.029
 62/132 Na      1996exp_5min     pruned   23    0.94 ms  ACTINV gm C/E 0.353 max|ln| 1.858 | FISPACT gm 0.371 max|ln| 1.837
 63/132 Na      1996exp_7hour    pruned   27    0.64 ms  ACTINV gm C/E 0.793 max|ln| 0.285 | FISPACT gm 0.844 max|ln| 0.215
 64/132 Na      2000exp_5min     pruned   23    1.07 ms  ACTINV gm C/E 0.841 max|ln| 0.722 | FISPACT gm 0.897 max|ln| 0.689
 65/132 Nb      1996exp_5min     pruned   32    1.49 ms  ACTINV gm C/E 1.123 max|ln| 0.250 | FISPACT gm 1.097 max|ln| 0.181
 66/132 Nb      1996exp_7hour    pruned   50    1.23 ms  ACTINV gm C/E 0.928 max|ln| 0.145 | FISPACT gm 0.928 max|ln| 0.143
 67/132 Nb      2000exp_5min     pruned   32    1.51 ms  ACTINV gm C/E 0.962 max|ln| 0.181 | FISPACT gm 0.937 max|ln| 0.202
 68/132 Nd      2000exp_5min     pruned   79    3.52 ms  ACTINV gm C/E 1.567 max|ln| 0.654 | FISPACT gm 1.576 max|ln| 0.654
 69/132 Ni      1996exp_5min     pruned   52    2.24 ms  ACTINV gm C/E 1.036 max|ln| 0.153 | FISPACT gm 0.990 max|ln| 0.060
 70/132 Ni      1996exp_7hour    pruned   72    1.91 ms  ACTINV gm C/E 0.981 max|ln| 0.099 | FISPACT gm 1.000 max|ln| 0.054
 71/132 Ni      2000exp_5min     pruned   52    2.37 ms  ACTINV gm C/E 1.155 max|ln| 0.357 | FISPACT gm 1.084 max|ln| 0.169
 72/132 NiCr    1996exp_5min     pruned   74    3.09 ms  ACTINV gm C/E 1.087 max|ln| 0.140 | FISPACT gm 0.962 max|ln| 0.096
 73/132 NiCr    1996exp_7hour    pruned   94    2.31 ms  ACTINV gm C/E 0.980 max|ln| 0.113 | FISPACT gm 0.999 max|ln| 0.049
 74/132 NiCr    2000exp_5min     pruned   73    3.13 ms  ACTINV gm C/E 1.149 max|ln| 0.244 | FISPACT gm 1.008 max|ln| 0.159
 75/132 Os      2000exp_5min     pruned   72    3.38 ms  ACTINV gm C/E 0.658 max|ln| 1.724 | FISPACT gm 0.553 max|ln| 1.558
 76/132 P       2000exp_5min     pruned   32    1.34 ms  ACTINV gm C/E 1.001 max|ln| 0.120 | FISPACT gm 1.003 max|ln| 0.120
 77/132 Pb      1996exp_5min     pruned   37    1.59 ms  ACTINV gm C/E 0.748 max|ln| 0.337 | FISPACT gm 0.864 max|ln| 0.335
 78/132 Pb      1996exp_7hour    pruned   50    1.05 ms  ACTINV gm C/E 0.615 max|ln| 2.343 | FISPACT gm 0.507 max|ln| 3.092
 79/132 Pb      2000exp_5min     pruned   37    2.83 ms  ACTINV gm C/E 0.908 max|ln| 0.363 | FISPACT gm 1.036 max|ln| 0.636
 80/132 Pd      2000exp_5min     pruned   73    3.51 ms  ACTINV gm C/E 1.136 max|ln| 0.267 | FISPACT gm 1.085 max|ln| 0.143
 81/132 Pr      2000exp_5min     pruned   46    2.07 ms  ACTINV gm C/E 1.505 max|ln| 0.867 | FISPACT gm 1.499 max|ln| 0.871
 82/132 Pt      2000exp_5min     pruned   75    3.42 ms  ACTINV gm C/E 1.090 max|ln| 0.129 | FISPACT gm 1.191 max|ln| 0.224
 83/132 Rb      2000exp_5min     pruned   58    2.91 ms  ACTINV gm C/E 1.068 max|ln| 0.110 | FISPACT gm 1.009 max|ln| 0.057
 84/132 Re      1996exp_5min     pruned   46    2.14 ms  ACTINV gm C/E 1.250 max|ln| 0.303 | FISPACT gm 1.312 max|ln| 0.363
 85/132 Re      1996exp_7hour    pruned   71    2.12 ms  ACTINV gm C/E 1.060 max|ln| 0.137 | FISPACT gm 1.068 max|ln| 0.147
 86/132 Re      2000exp_5min     pruned   46    2.52 ms  ACTINV gm C/E 1.082 max|ln| 0.336 | FISPACT gm 1.140 max|ln| 0.247
 87/132 Rh      2000exp_5min     pruned   45    2.05 ms  ACTINV gm C/E 3.203 max|ln| 1.432 | FISPACT gm 3.194 max|ln| 1.426
 88/132 Ru      2000exp_5min     pruned   81    4.16 ms  ACTINV gm C/E 1.132 max|ln| 0.200 | FISPACT gm 0.990 max|ln| 0.132
 89/132 S       1996exp_5min     pruned   36    1.64 ms  ACTINV gm C/E 0.671 max|ln| 0.573 | FISPACT gm 0.699 max|ln| 0.536
 90/132 S       1996exp_7hour    pruned   47    1.05 ms  ACTINV gm C/E 0.946 max|ln| 0.074 | FISPACT gm 0.946 max|ln| 0.075
 91/132 S       2000exp_5min     pruned   36    1.50 ms  ACTINV gm C/E 1.073 max|ln| 1.195 | FISPACT gm 1.117 max|ln| 1.177
 92/132 SS304   1996exp_5min     pruned   93    3.74 ms  ACTINV gm C/E 1.003 max|ln| 0.077 | FISPACT gm 0.931 max|ln| 0.079
 93/132 SS304   1996exp_7hour    pruned  132    3.19 ms  ACTINV gm C/E 0.921 max|ln| 0.181 | FISPACT gm 0.930 max|ln| 0.159
 94/132 SS304   2000exp_5min     pruned   93    5.11 ms  ACTINV gm C/E 1.117 max|ln| 0.165 | FISPACT gm 1.030 max|ln| 0.039
 95/132 SS316   1996exp_5min     pruned  165    7.31 ms  ACTINV gm C/E 1.011 max|ln| 0.090 | FISPACT gm 0.942 max|ln| 0.086
 96/132 SS316   1996exp_7hour    pruned  236    5.97 ms  ACTINV gm C/E 0.920 max|ln| 0.170 | FISPACT gm 0.930 max|ln| 0.141
 97/132 SS316   2000exp_5min     pruned  165    7.74 ms  ACTINV gm C/E 1.142 max|ln| 0.199 | FISPACT gm 1.057 max|ln| 0.080
 98/132 Sb      2000exp_5min     pruned   58    2.92 ms  ACTINV gm C/E 1.225 max|ln| 0.229 | FISPACT gm 1.241 max|ln| 0.265
 99/132 Sc      2000exp_5min     pruned   43    1.90 ms  ACTINV gm C/E 0.812 max|ln| 0.571 | FISPACT gm 0.920 max|ln| 0.523
100/132 Se      2000exp_5min     pruned   74    3.40 ms  ACTINV gm C/E 1.028 max|ln| 0.182 | FISPACT gm 1.008 max|ln| 0.187
101/132 Si      2000exp_5min     pruned   26    1.55 ms  ACTINV gm C/E 1.132 max|ln| 0.186 | FISPACT gm 1.085 max|ln| 0.175
102/132 Sm      2000exp_5min     pruned   96    4.09 ms  ACTINV gm C/E 0.987 max|ln| 0.535 | FISPACT gm 0.954 max|ln| 0.570
103/132 Sn      1996exp_5min     pruned  128    5.87 ms  ACTINV gm C/E 1.042 max|ln| 0.230 | FISPACT gm 0.850 max|ln| 0.246
104/132 Sn      1996exp_7hour    pruned  169    4.74 ms  ACTINV gm C/E 0.837 max|ln| 0.426 | FISPACT gm 0.892 max|ln| 0.441
105/132 Sn      2000exp_5min     pruned  128    6.63 ms  ACTINV gm C/E 1.340 max|ln| 0.591 | FISPACT gm 1.117 max|ln| 0.603
106/132 Sr      1996exp_5min     pruned   59    2.53 ms  ACTINV gm C/E 0.889 max|ln| 0.188 | FISPACT gm 0.913 max|ln| 0.158
107/132 Sr      1996exp_7hour    pruned   87    2.93 ms  ACTINV gm C/E 0.885 max|ln| 0.216 | FISPACT gm 0.947 max|ln| 0.115
108/132 Sr      2000exp_5min     pruned   59    2.64 ms  ACTINV gm C/E 0.987 max|ln| 0.285 | FISPACT gm 1.013 max|ln| 0.269
109/132 Ta      1996exp_5min     pruned   41    1.91 ms  ACTINV gm C/E 1.233 max|ln| 0.246 | FISPACT gm 1.297 max|ln| 0.307
110/132 Ta      1996exp_7hour    pruned   59    1.66 ms  ACTINV gm C/E 0.612 max|ln| 1.398 | FISPACT gm 0.620 max|ln| 1.309
111/132 Ta      2000exp_5min     pruned   41    1.99 ms  ACTINV gm C/E 0.863 max|ln| 0.229 | FISPACT gm 0.908 max|ln| 0.182
112/132 Tb      2000exp_5min     pruned   42    1.78 ms  ACTINV gm C/E 0.184 max|ln| 3.878 | FISPACT gm 0.179 max|ln| 3.830
113/132 Te      2000exp_5min     pruned  112    5.14 ms  ACTINV gm C/E 0.930 max|ln| 0.199 | FISPACT gm 1.001 max|ln| 0.046
114/132 Ti      1996exp_5min     pruned   42    1.74 ms  ACTINV gm C/E 0.946 max|ln| 0.097 | FISPACT gm 0.908 max|ln| 0.144
115/132 Ti      1996exp_7hour    pruned   69    1.79 ms  ACTINV gm C/E 0.894 max|ln| 0.249 | FISPACT gm 0.925 max|ln| 0.160
116/132 Ti      2000exp_5min     pruned   42    1.85 ms  ACTINV gm C/E 1.073 max|ln| 0.177 | FISPACT gm 1.030 max|ln| 0.138
117/132 Tl      2000exp_5min     pruned   52    2.22 ms  ACTINV gm C/E 1.357 max|ln| 0.470 | FISPACT gm 1.383 max|ln| 0.556
118/132 Tm      2000exp_5min     pruned   50    2.28 ms  ACTINV gm C/E 1.000 max|ln| 2.274 | FISPACT gm 0.951 max|ln| 2.211
119/132 V       1996exp_5min     pruned   29    1.34 ms  ACTINV gm C/E 1.049 max|ln| 0.352 | FISPACT gm 0.946 max|ln| 0.378
120/132 V       1996exp_7hour    pruned   43    0.91 ms  ACTINV gm C/E 0.497 max|ln| 4.097 | FISPACT gm 0.501 max|ln| 4.050
121/132 V       2000exp_5min     pruned   29    1.38 ms  ACTINV gm C/E 1.284 max|ln| 0.315 | FISPACT gm 1.155 max|ln| 0.223
122/132 W       1996exp_5min     pruned   65    2.99 ms  ACTINV gm C/E 1.791 max|ln| 0.791 | FISPACT gm 1.357 max|ln| 0.506
123/132 W       1996exp_7hour    pruned   83    2.34 ms  ACTINV gm C/E 1.242 max|ln| 0.516 | FISPACT gm 1.212 max|ln| 0.508
124/132 W       2000exp_5min     pruned   65    3.05 ms  ACTINV gm C/E 2.446 max|ln| 1.100 | FISPACT gm 1.827 max|ln| 0.795
125/132 Y       1996exp_5min     pruned   48    2.45 ms  ACTINV gm C/E 0.528 max|ln| 1.406 | FISPACT gm 0.603 max|ln| 0.951
126/132 Y       1996exp_7hour    pruned   67    1.76 ms  ACTINV gm C/E 0.834 max|ln| 0.201 | FISPACT gm 0.836 max|ln| 0.200
127/132 Y       2000exp_5min     pruned   48    2.19 ms  ACTINV gm C/E 0.882 max|ln| 0.740 | FISPACT gm 1.003 max|ln| 0.769
128/132 Yb      2000exp_5min     pruned   81    4.92 ms  ACTINV gm C/E 1.092 max|ln| 1.431 | FISPACT gm 0.976 max|ln| 1.457
129/132 Zn      2000exp_5min     pruned   55    2.87 ms  ACTINV gm C/E 0.625 max|ln| 0.725 | FISPACT gm 0.894 max|ln| 0.177
130/132 Zr      1996exp_5min     pruned   58    2.98 ms  ACTINV gm C/E 1.032 max|ln| 0.110 | FISPACT gm 1.019 max|ln| 0.045
131/132 Zr      1996exp_7hour    pruned   82    2.23 ms  ACTINV gm C/E 0.946 max|ln| 0.419 | FISPACT gm 0.941 max|ln| 0.430
132/132 Zr      2000exp_5min     pruned   58    3.11 ms  ACTINV gm C/E 1.127 max|ln| 0.177 | FISPACT gm 1.115 max|ln| 0.120
