Running as unit: run-p948958-i9347810.scope; invocation ID: 1d8ed823586b46be842ed8ef18475600
{
  "argv": [
    "python3",
    "controls/check_p110_verdict.py"
  ],
  "child_exit_code": 0,
  "cwd": ".",
  "error": null,
  "gate": "historical_p110_replay",
  "log_path": "target/p115-historical_p110_replay.log",
  "log_sha256": "4a20b711c03cec9d8a1c8c785d20fbc7ad00ac64a4bbebf9bc4eb3778cfdd694",
  "phase": "P115",
  "resources": {
    "cgroup_limits": {
      "cpu.max": "200000 100000",
      "memory.max": "6442450944",
      "memory.swap.max": "0",
      "pids.max": "128"
    },
    "cgroup_path": "/user.slice/user-1000.slice/user@1000.service/app.slice/run-p948958-i9347810.scope",
    "environment": {
      "CARGO_BUILD_JOBS": "1",
      "RAYON_NUM_THREADS": "2",
      "RUST_TEST_THREADS": "1"
    },
    "platform": "linux",
    "tmpdir": {
      "filesystem": "ext4",
      "mount_point": "/",
      "path": "target/preflight-tmp"
    }
  },
  "schema": "actinv-roadmap-gate-receipt-1",
  "status": "completed",
  "timeout_s": 600.0
}
