Running as unit: run-p947906-i9351449.scope; invocation ID: fd6a892a2cbc44fb92fa6b840ba43226
{
  "argv": [
    "python3",
    "controls/test_p113_history.py"
  ],
  "child_exit_code": 0,
  "cwd": ".",
  "error": null,
  "gate": "p113_history_regressions",
  "log_path": "target/p115-p113_history_regressions.log",
  "log_sha256": "93fe48e9298480885862ef7a73988e1bc24a459f6a02e1675e2d65247e0f5604",
  "phase": "P115",
  "resources": {
    "cgroup_limits": {
      "cpu.max": "200000 100000",
      "memory.max": "6442450944",
      "memory.swap.max": "0",
      "pids.max": "128"
    },
    "cgroup_path": "/user.slice/user-1000.slice/user@1000.service/app.slice/run-p947906-i9351449.scope",
    "environment": {
      "CARGO_BUILD_JOBS": "1",
      "RAYON_NUM_THREADS": "2",
      "RUST_TEST_THREADS": "1"
    },
    "platform": "linux",
    "tmpdir": {
      "filesystem": "ext4",
      "mount_point": "/",
      "path": "target/preflight-tmp"
    }
  },
  "schema": "actinv-roadmap-gate-receipt-1",
  "status": "completed",
  "timeout_s": 600.0
}
