Running as unit: run-p957570-i9341745.scope; invocation ID: a3a7005eb07046ef842664bec3f9c6c0
{
  "argv": [
    "python3",
    "controls/test_p114_history.py"
  ],
  "child_exit_code": 0,
  "cwd": ".",
  "error": null,
  "gate": "p114_history_regressions",
  "log_path": "target/p115-p114_history_regressions.log",
  "log_sha256": "e1b43e8ac181a5455e3eabcce6e8b03f3cd49b53084d3c735ee7776fb38fb186",
  "phase": "P115",
  "resources": {
    "cgroup_limits": {
      "cpu.max": "200000 100000",
      "memory.max": "6442450944",
      "memory.swap.max": "0",
      "pids.max": "128"
    },
    "cgroup_path": "/user.slice/user-1000.slice/user@1000.service/app.slice/run-p957570-i9341745.scope",
    "environment": {
      "CARGO_BUILD_JOBS": "1",
      "RAYON_NUM_THREADS": "2",
      "RUST_TEST_THREADS": "1"
    },
    "platform": "linux",
    "tmpdir": {
      "filesystem": "ext4",
      "mount_point": "/",
      "path": "target/preflight-tmp"
    }
  },
  "schema": "actinv-roadmap-gate-receipt-1",
  "status": "completed",
  "timeout_s": 600.0
}
