Running as unit: run-p946050-i9332807.scope; invocation ID: a6c1b80a4ba840d898b829d6b5d8d1e8
{
  "argv": [
    "cargo",
    "clippy",
    "--workspace",
    "--all-targets",
    "--all-features",
    "--",
    "-D",
    "warnings"
  ],
  "child_exit_code": 0,
  "cwd": ".",
  "error": null,
  "gate": "workspace_clippy",
  "log_path": "target/p115-workspace_clippy.log",
  "log_sha256": "ae47573e9762389dbf7734b72349c68cf02adad91e9dfed099b426ed15afeefe",
  "phase": "P115",
  "resources": {
    "cgroup_limits": {
      "cpu.max": "200000 100000",
      "memory.max": "6442450944",
      "memory.swap.max": "0",
      "pids.max": "128"
    },
    "cgroup_path": "/user.slice/user-1000.slice/user@1000.service/app.slice/run-p946050-i9332807.scope",
    "environment": {
      "CARGO_BUILD_JOBS": "1",
      "RAYON_NUM_THREADS": "2",
      "RUST_TEST_THREADS": "1"
    },
    "platform": "linux",
    "tmpdir": {
      "filesystem": "ext4",
      "mount_point": "/",
      "path": "target/preflight-tmp"
    }
  },
  "schema": "actinv-roadmap-gate-receipt-1",
  "status": "completed",
  "timeout_s": 1200.0
}
