Running as unit: run-p962078-i9342274.scope; invocation ID: 3b2cb7905c2043d7a01368d38be8501f
{
  "argv": [
    "python3",
    "controls/test_p115_oracle.py"
  ],
  "child_exit_code": 0,
  "cwd": ".",
  "error": null,
  "gate": "p115_oracle_regressions",
  "log_path": "target/p115-p115_oracle_regressions.log",
  "log_sha256": "76ce5e3b68366474dfe3c3e0cba1f382cad8cd8e4f8069b2a5389e4859ee8fc1",
  "phase": "P115",
  "resources": {
    "cgroup_limits": {
      "cpu.max": "200000 100000",
      "memory.max": "6442450944",
      "memory.swap.max": "0",
      "pids.max": "128"
    },
    "cgroup_path": "/user.slice/user-1000.slice/user@1000.service/app.slice/run-p962078-i9342274.scope",
    "environment": {
      "CARGO_BUILD_JOBS": "1",
      "RAYON_NUM_THREADS": "2",
      "RUST_TEST_THREADS": "1"
    },
    "platform": "linux",
    "tmpdir": {
      "filesystem": "ext4",
      "mount_point": "/",
      "path": "target/preflight-tmp"
    }
  },
  "schema": "actinv-roadmap-gate-receipt-1",
  "status": "completed",
  "timeout_s": 600.0
}
