Running as unit: run-p946750-i9343962.scope; invocation ID: 3015a98b11da41ada303b0a4f4c0a84b
{
  "argv": [
    "cargo",
    "build",
    "--release",
    "-p",
    "actinv-cli"
  ],
  "child_exit_code": 0,
  "cwd": ".",
  "error": null,
  "gate": "release_build",
  "log_path": "target/p115-release_build.log",
  "log_sha256": "cd48cc1d87cb8ab3837be5c4c2154e33a6a107e4d5f05bbde1eaa8bac1829099",
  "phase": "P115",
  "resources": {
    "cgroup_limits": {
      "cpu.max": "200000 100000",
      "memory.max": "6442450944",
      "memory.swap.max": "0",
      "pids.max": "128"
    },
    "cgroup_path": "/user.slice/user-1000.slice/user@1000.service/app.slice/run-p946750-i9343962.scope",
    "environment": {
      "CARGO_BUILD_JOBS": "1",
      "RAYON_NUM_THREADS": "2",
      "RUST_TEST_THREADS": "1"
    },
    "platform": "linux",
    "tmpdir": {
      "filesystem": "ext4",
      "mount_point": "/",
      "path": "target/preflight-tmp"
    }
  },
  "schema": "actinv-roadmap-gate-receipt-1",
  "status": "completed",
  "timeout_s": 1200.0
}
