Running as unit: run-p910496-i9291474.scope; invocation ID: b8f80a27b4304052aa1419336031b2ae
{
  "argv": [
    "cargo",
    "clippy",
    "--workspace",
    "--all-targets",
    "--all-features",
    "--",
    "-D",
    "warnings"
  ],
  "child_exit_code": 0,
  "cwd": ".",
  "error": null,
  "gate": "workspace_clippy",
  "log_path": "target/p114-workspace_clippy.log",
  "log_sha256": "aaf3ba4a6f44e25b0a131757319f208e92e514b67fa09df12d71cf22229add6e",
  "phase": "P114",
  "resources": {
    "cgroup_limits": {
      "cpu.max": "200000 100000",
      "memory.max": "6442450944",
      "memory.swap.max": "0",
      "pids.max": "128"
    },
    "cgroup_path": "/user.slice/user-1000.slice/user@1000.service/app.slice/run-p910496-i9291474.scope",
    "environment": {
      "CARGO_BUILD_JOBS": "1",
      "RAYON_NUM_THREADS": "2",
      "RUST_TEST_THREADS": "1"
    },
    "platform": "linux",
    "tmpdir": {
      "filesystem": "ext4",
      "mount_point": "/",
      "path": "target/preflight-tmp"
    }
  },
  "schema": "actinv-roadmap-gate-receipt-1",
  "status": "completed",
  "timeout_s": 1200.0
}
