Running as unit: run-p908961-i9299224.scope; invocation ID: 3242a1f196e04265beb75f2d516532f3
{
  "argv": [
    "python3",
    "controls/test_p113_history.py"
  ],
  "child_exit_code": 0,
  "cwd": ".",
  "error": null,
  "gate": "p113_history_regressions",
  "log_path": "target/p114-p113_history_regressions.log",
  "log_sha256": "f4efd63905484c65a9fc77cbede97f65f37d3ebd4d9f228a572032828e70f594",
  "phase": "P114",
  "resources": {
    "cgroup_limits": {
      "cpu.max": "200000 100000",
      "memory.max": "6442450944",
      "memory.swap.max": "0",
      "pids.max": "128"
    },
    "cgroup_path": "/user.slice/user-1000.slice/user@1000.service/app.slice/run-p908961-i9299224.scope",
    "environment": {
      "CARGO_BUILD_JOBS": "1",
      "RAYON_NUM_THREADS": "2",
      "RUST_TEST_THREADS": "1"
    },
    "platform": "linux",
    "tmpdir": {
      "filesystem": "ext4",
      "mount_point": "/",
      "path": "target/preflight-tmp"
    }
  },
  "schema": "actinv-roadmap-gate-receipt-1",
  "status": "completed",
  "timeout_s": 600.0
}
