Running as unit: run-p913243-i9311006.scope; invocation ID: a19e9f10ec924c92b4f80f606bc4d323
{
  "argv": [
    "cargo",
    "build",
    "--release",
    "-p",
    "actinv-cli"
  ],
  "child_exit_code": 0,
  "cwd": ".",
  "error": null,
  "gate": "release_build",
  "log_path": "target/p114-release_build.log",
  "log_sha256": "0ef1dcd480793080c328b204f9d6cc905a9ddc0d9abe63b72b2de7461faaa833",
  "phase": "P114",
  "resources": {
    "cgroup_limits": {
      "cpu.max": "200000 100000",
      "memory.max": "6442450944",
      "memory.swap.max": "0",
      "pids.max": "128"
    },
    "cgroup_path": "/user.slice/user-1000.slice/user@1000.service/app.slice/run-p913243-i9311006.scope",
    "environment": {
      "CARGO_BUILD_JOBS": "1",
      "RAYON_NUM_THREADS": "2",
      "RUST_TEST_THREADS": "1"
    },
    "platform": "linux",
    "tmpdir": {
      "filesystem": "ext4",
      "mount_point": "/",
      "path": "target/preflight-tmp"
    }
  },
  "schema": "actinv-roadmap-gate-receipt-1",
  "status": "completed",
  "timeout_s": 1200.0
}
