Running as unit: run-p910266-i9295371.scope; invocation ID: 8b1dfb8245fa47ac923a7dc01454420a
{
  "argv": [
    "cargo",
    "check",
    "--workspace",
    "--all-targets",
    "--all-features"
  ],
  "child_exit_code": 0,
  "cwd": ".",
  "error": null,
  "gate": "workspace_check",
  "log_path": "target/p114-workspace_check.log",
  "log_sha256": "36788001b6e0ba33b4d99b947743b631f0c76c3901fc721e5215acbc1a76abbd",
  "phase": "P114",
  "resources": {
    "cgroup_limits": {
      "cpu.max": "200000 100000",
      "memory.max": "6442450944",
      "memory.swap.max": "0",
      "pids.max": "128"
    },
    "cgroup_path": "/user.slice/user-1000.slice/user@1000.service/app.slice/run-p910266-i9295371.scope",
    "environment": {
      "CARGO_BUILD_JOBS": "1",
      "RAYON_NUM_THREADS": "2",
      "RUST_TEST_THREADS": "1"
    },
    "platform": "linux",
    "tmpdir": {
      "filesystem": "ext4",
      "mount_point": "/",
      "path": "target/preflight-tmp"
    }
  },
  "schema": "actinv-roadmap-gate-receipt-1",
  "status": "completed",
  "timeout_s": 1200.0
}
