=== stdout ===

=== stderr ===
E..E.E.FE.EE
======================================================================
ERROR: test_amended_success_receipt_exit_mutation_is_rejected (__main__.P117HistoryTests.test_amended_success_receipt_exit_mutation_is_rejected)
----------------------------------------------------------------------
Traceback (most recent call last):
  File "/home/connoravila/Documents/actinv/target/roadmap-waste/controls/test_p117_history.py", line 125, in test_amended_success_receipt_exit_mutation_is_rejected
    discovery, _terminal_map, _initial_map = history._terminal_archive()
                                             ~~~~~~~~~~~~~~~~~~~~~~~~~^^
  File "/home/connoravila/Documents/actinv/target/roadmap-waste/controls/check_p117_history.py", line 224, in _terminal_archive
    raise ValueError("nested original discovery mismatch")
ValueError: nested original discovery mismatch

======================================================================
ERROR: test_cgroup_resource_mutations_are_rejected (__main__.P117HistoryTests.test_cgroup_resource_mutations_are_rejected)
----------------------------------------------------------------------
Traceback (most recent call last):
  File "/home/connoravila/Documents/actinv/target/roadmap-waste/controls/test_p117_history.py", line 153, in test_cgroup_resource_mutations_are_rejected
    discovery, _terminal_map, _initial_map = history._terminal_archive()
                                             ~~~~~~~~~~~~~~~~~~~~~~~~~^^
  File "/home/connoravila/Documents/actinv/target/roadmap-waste/controls/check_p117_history.py", line 224, in _terminal_archive
    raise ValueError("nested original discovery mismatch")
ValueError: nested original discovery mismatch

======================================================================
ERROR: test_duplicate_recorder_exit_mutation_is_rejected (__main__.P117HistoryTests.test_duplicate_recorder_exit_mutation_is_rejected)
----------------------------------------------------------------------
Traceback (most recent call last):
  File "/home/connoravila/Documents/actinv/target/roadmap-waste/controls/test_p117_history.py", line 118, in test_duplicate_recorder_exit_mutation_is_rejected
    discovery, _terminal_map, _initial_map = history._terminal_archive()
                                             ~~~~~~~~~~~~~~~~~~~~~~~~~^^
  File "/home/connoravila/Documents/actinv/target/roadmap-waste/controls/check_p117_history.py", line 224, in _terminal_archive
    raise ValueError("nested original discovery mismatch")
ValueError: nested original discovery mismatch

======================================================================
ERROR: test_initial_archive_manifest_mutation_is_rejected (__main__.P117HistoryTests.test_initial_archive_manifest_mutation_is_rejected)
----------------------------------------------------------------------
Traceback (most recent call last):
  File "/home/connoravila/Documents/actinv/target/roadmap-waste/controls/test_p117_history.py", line 109, in test_initial_archive_manifest_mutation_is_rejected
    _discovery, _terminal_map, _initial_map = history._terminal_archive()
                                              ~~~~~~~~~~~~~~~~~~~~~~~~~^^
  File "/home/connoravila/Documents/actinv/target/roadmap-waste/controls/check_p117_history.py", line 224, in _terminal_archive
    raise ValueError("nested original discovery mismatch")
ValueError: nested original discovery mismatch

======================================================================
ERROR: test_terminal_observed_exit_identity_mutation_is_rejected (__main__.P117HistoryTests.test_terminal_observed_exit_identity_mutation_is_rejected)
----------------------------------------------------------------------
Traceback (most recent call last):
  File "/home/connoravila/Documents/actinv/target/roadmap-waste/controls/test_p117_history.py", line 132, in test_terminal_observed_exit_identity_mutation_is_rejected
    discovery, _terminal_map, _initial_map = history._terminal_archive()
                                             ~~~~~~~~~~~~~~~~~~~~~~~~~^^
  File "/home/connoravila/Documents/actinv/target/roadmap-waste/controls/check_p117_history.py", line 224, in _terminal_archive
    raise ValueError("nested original discovery mismatch")
ValueError: nested original discovery mismatch

======================================================================
ERROR: test_terminal_source_digest_mutation_is_rejected_against_git (__main__.P117HistoryTests.test_terminal_source_digest_mutation_is_rejected_against_git)
----------------------------------------------------------------------
Traceback (most recent call last):
  File "/home/connoravila/Documents/actinv/target/roadmap-waste/controls/test_p117_history.py", line 139, in test_terminal_source_digest_mutation_is_rejected_against_git
    discovery, _terminal_map, _initial_map = history._terminal_archive()
                                             ~~~~~~~~~~~~~~~~~~~~~~~~~^^
  File "/home/connoravila/Documents/actinv/target/roadmap-waste/controls/check_p117_history.py", line 224, in _terminal_archive
    raise ValueError("nested original discovery mismatch")
ValueError: nested original discovery mismatch

======================================================================
FAIL: test_history_verifies_both_failure_episodes_and_full_terminal_archive (__main__.P117HistoryTests.test_history_verifies_both_failure_episodes_and_full_terminal_archive)
----------------------------------------------------------------------
Traceback (most recent call last):
  File "/home/connoravila/Documents/actinv/target/roadmap-waste/controls/test_p117_history.py", line 21, in test_history_verifies_both_failure_episodes_and_full_terminal_archive
    self.assertIs(report.get("pass"), True, report)
    ~~~~~~~~~~~~~^^^^^^^^^^^^^^^^^^^^^^^^^^^^^^^^^^
AssertionError: False is not True : {'schema': 'actinv-p117-history-verification-1', 'pass': False, 'phase': 'P117', 'verdict': 'P117-FAIL', 'checkpoint_commit': 'b81e8c3365a5a08ed55e9f99c0c88f945709996d', 'derived_verdict_matches_persisted': False, 'historical_p116_verified': False, 'control_source_count': 0, 'current_rust_source_count': 0, 'terminal_archive_files_sha256': {}, 'initial_archive_files_sha256': {}, 'terminal_gates': {'CI_evidence_consistent': 'PASS', 'G0': 'PASS', 'G1': 'PASS', 'G2': 'FAIL', 'G3_CI': 'PENDING', 'G3_local': 'FAIL', 'historical_p116_ci_failure': 'PASS', 'protocol': 'PASS', 'source_commit': 'PASS'}}

----------------------------------------------------------------------
Ran 12 tests in 0.273s

FAILED (failures=1, errors=6)
