measured-decay-heat	Fetch and verify pinned release data	﻿2026-10-04T16:23:47.8921900Z ##[group]Run target/release/actinv data fetch --output target/fns-data
measured-decay-heat	Fetch and verify pinned release data	2026-10-04T16:23:47.8922455Z [36;1mtarget/release/actinv data fetch --output target/fns-data[0m
measured-decay-heat	Fetch and verify pinned release data	2026-10-04T16:23:47.8984851Z shell: /usr/bin/bash -e {0}
measured-decay-heat	Fetch and verify pinned release data	2026-10-04T16:23:47.8985118Z env:
measured-decay-heat	Fetch and verify pinned release data	2026-10-04T16:23:47.8985590Z   CARGO_BUILD_JOBS: 1
measured-decay-heat	Fetch and verify pinned release data	2026-10-04T16:23:47.8985828Z   RUST_TEST_THREADS: 1
measured-decay-heat	Fetch and verify pinned release data	2026-10-04T16:23:47.8986042Z   RAYON_NUM_THREADS: 2
measured-decay-heat	Fetch and verify pinned release data	2026-10-04T16:23:47.8986270Z   CARGO_HOME: /home/runner/.cargo
measured-decay-heat	Fetch and verify pinned release data	2026-10-04T16:23:47.8986532Z   CARGO_INCREMENTAL: 0
measured-decay-heat	Fetch and verify pinned release data	2026-10-04T16:23:47.8986751Z   CARGO_TERM_COLOR: always
measured-decay-heat	Fetch and verify pinned release data	2026-10-04T16:23:47.8986984Z   CACHE_ON_FAILURE: false
measured-decay-heat	Fetch and verify pinned release data	2026-10-04T16:23:47.8987284Z   pythonLocation: /opt/hostedtoolcache/Python/3.12.14/x64
measured-decay-heat	Fetch and verify pinned release data	2026-10-04T16:23:47.8987735Z   PKG_CONFIG_PATH: /opt/hostedtoolcache/Python/3.12.14/x64/lib/pkgconfig
measured-decay-heat	Fetch and verify pinned release data	2026-10-04T16:23:47.8988211Z   Python_ROOT_DIR: /opt/hostedtoolcache/Python/3.12.14/x64
measured-decay-heat	Fetch and verify pinned release data	2026-10-04T16:23:47.8988599Z   Python2_ROOT_DIR: /opt/hostedtoolcache/Python/3.12.14/x64
measured-decay-heat	Fetch and verify pinned release data	2026-10-04T16:23:47.8989016Z   Python3_ROOT_DIR: /opt/hostedtoolcache/Python/3.12.14/x64
measured-decay-heat	Fetch and verify pinned release data	2026-10-04T16:23:47.8989406Z   LD_LIBRARY_PATH: /opt/hostedtoolcache/Python/3.12.14/x64/lib
measured-decay-heat	Fetch and verify pinned release data	2026-10-04T16:23:47.8989738Z ##[endgroup]
measured-decay-heat	Fetch and verify pinned release data	2026-10-04T16:23:47.9082016Z fetching tendl-2025-neutron-709g
measured-decay-heat	Fetch and verify pinned release data	2026-10-04T16:23:48.1587847Z   download tendl-2025-neutron-709g: 13.6% (16792054/123897743 bytes)
measured-decay-heat	Fetch and verify pinned release data	2026-10-04T16:23:48.2432673Z   download tendl-2025-neutron-709g: 27.1% (33568717/123897743 bytes)
measured-decay-heat	Fetch and verify pinned release data	2026-10-04T16:23:48.3430042Z   download tendl-2025-neutron-709g: 40.6% (50345571/123897743 bytes)
measured-decay-heat	Fetch and verify pinned release data	2026-10-04T16:23:48.4783810Z   download tendl-2025-neutron-709g: 54.2% (67108864/123897743 bytes)
measured-decay-heat	Fetch and verify pinned release data	2026-10-04T16:23:48.6094137Z   download tendl-2025-neutron-709g: 67.7% (83886080/123897743 bytes)
measured-decay-heat	Fetch and verify pinned release data	2026-10-04T16:23:48.7242757Z   download tendl-2025-neutron-709g: 81.3% (100676084/123897743 bytes)
measured-decay-heat	Fetch and verify pinned release data	2026-10-04T16:23:48.7922721Z   download tendl-2025-neutron-709g: 94.8% (117456491/123897743 bytes)
measured-decay-heat	Fetch and verify pinned release data	2026-10-04T16:23:48.8472219Z   download tendl-2025-neutron-709g: verified ec4c72bf598dc8ad3d533d9cfafdcf493e2d1f949a3e4db6251495659b68cc44
measured-decay-heat	Fetch and verify pinned release data	2026-10-04T16:23:48.9363690Z fetching tendl-2025-neutron-709g-index
measured-decay-heat	Fetch and verify pinned release data	2026-10-04T16:23:49.0922006Z   download tendl-2025-neutron-709g-index: verified 8bd19b4001c246758e739cd0067a0087e1ce5c2157438dae97bd52e1d3beb3fb
measured-decay-heat	Fetch and verify pinned release data	2026-10-04T16:23:49.0940616Z fetching endfb-viii-0-decay
measured-decay-heat	Fetch and verify pinned release data	2026-10-04T16:23:49.1448991Z download request failed: http status: 403
measured-decay-heat	Fetch and verify pinned release data	2026-10-04T16:23:49.1469033Z ##[error]Process completed with exit code 1.
