build-and-control	Fetch the pinned data subset	﻿2026-10-04T16:28:39.5569843Z ##[group]Run bash scripts/fetch_ci_data.sh
build-and-control	Fetch the pinned data subset	2026-10-04T16:28:39.5570035Z [36;1mbash scripts/fetch_ci_data.sh[0m
build-and-control	Fetch the pinned data subset	2026-10-04T16:28:39.5622762Z shell: /usr/bin/bash -e {0}
build-and-control	Fetch the pinned data subset	2026-10-04T16:28:39.5622915Z env:
build-and-control	Fetch the pinned data subset	2026-10-04T16:28:39.5623031Z   ACTINV_CI_DATA: /tmp/actinv-ci-data
build-and-control	Fetch the pinned data subset	2026-10-04T16:28:39.5623183Z   ACTINV_CI_OUT: /tmp/actinv-ci
build-and-control	Fetch the pinned data subset	2026-10-04T16:28:39.5623327Z   ACTINV_P8_WORK: /tmp/actinv-p8
build-and-control	Fetch the pinned data subset	2026-10-04T16:28:39.5623470Z   ACTINV_P9_WORK: /tmp/actinv-p9
build-and-control	Fetch the pinned data subset	2026-10-04T16:28:39.5623615Z   ACTINV_P9_RESULTS: /tmp/actinv-p9-results
build-and-control	Fetch the pinned data subset	2026-10-04T16:28:39.5623776Z   ACTINV_P10_WORK: /tmp/actinv-p10
build-and-control	Fetch the pinned data subset	2026-10-04T16:28:39.5623919Z   CARGO_HOME: /home/runner/.cargo
build-and-control	Fetch the pinned data subset	2026-10-04T16:28:39.5624058Z   CARGO_INCREMENTAL: 0
build-and-control	Fetch the pinned data subset	2026-10-04T16:28:39.5624182Z   CARGO_TERM_COLOR: always
build-and-control	Fetch the pinned data subset	2026-10-04T16:28:39.5624310Z   CACHE_ON_FAILURE: false
build-and-control	Fetch the pinned data subset	2026-10-04T16:28:39.5624470Z   pythonLocation: /opt/hostedtoolcache/Python/3.12.14/x64
build-and-control	Fetch the pinned data subset	2026-10-04T16:28:39.5624719Z   PKG_CONFIG_PATH: /opt/hostedtoolcache/Python/3.12.14/x64/lib/pkgconfig
build-and-control	Fetch the pinned data subset	2026-10-04T16:28:39.5624972Z   Python_ROOT_DIR: /opt/hostedtoolcache/Python/3.12.14/x64
build-and-control	Fetch the pinned data subset	2026-10-04T16:28:39.5625180Z   Python2_ROOT_DIR: /opt/hostedtoolcache/Python/3.12.14/x64
build-and-control	Fetch the pinned data subset	2026-10-04T16:28:39.5625387Z   Python3_ROOT_DIR: /opt/hostedtoolcache/Python/3.12.14/x64
build-and-control	Fetch the pinned data subset	2026-10-04T16:28:39.5625594Z   LD_LIBRARY_PATH: /opt/hostedtoolcache/Python/3.12.14/x64/lib
build-and-control	Fetch the pinned data subset	2026-10-04T16:28:39.5625768Z ##[endgroup]
build-and-control	Fetch the pinned data subset	2026-10-04T16:28:39.5720748Z fetching endf-b-viii-0_decay.sublib.zip
build-and-control	Fetch the pinned data subset	2026-10-04T16:28:39.9652093Z curl: (22) The requested URL returned error: 403
build-and-control	Fetch the pinned data subset	2026-10-04T16:28:39.9690334Z ##[error]Process completed with exit code 22.
